../Core/Src/main.cpp:84:6:void PID()	16	static
../Core/Src/main.cpp:148:6:void HAL_TIM_PeriodElapsedCallback(TIM_HandleTypeDef*)	24	static
../Core/Src/main.cpp:182:5:int main()	8	static
../Core/Src/main.cpp:247:6:void SystemClock_Config()	88	static
../Core/Src/main.cpp:294:13:void MX_TIM1_Init()	96	static
../Core/Src/main.cpp:384:13:void MX_TIM2_Init()	56	static
../Core/Src/main.cpp:433:13:void MX_TIM3_Init()	56	static
../Core/Src/main.cpp:482:13:void MX_TIM4_Init()	56	static
../Core/Src/main.cpp:531:13:void MX_TIM5_Init()	56	static
../Core/Src/main.cpp:580:13:void MX_TIM9_Init()	24	static
../Core/Src/main.cpp:618:13:void MX_USART2_UART_Init()	8	static
../Core/Src/main.cpp:649:13:void MX_DMA_Init()	16	static
../Core/Src/main.cpp:670:13:void MX_GPIO_Init()	56	static
../Core/Src/main.cpp:729:6:void Error_Handler()	4	static,ignoring_inline_asm
../Core/Src/main.cpp:738:1:void __static_initialization_and_destruction_0(int, int)	16	static
../Core/Src/main.cpp:738:1:cpp)	8	static
