Archive member included to satisfy reference by file (symbol)

C:/ST/STM32CubeIDE_1.15.0/STM32CubeIDE/plugins/com.st.stm32cube.ide.mcu.externaltools.gnu-tools-for-stm32.12.3.rel1.win32_1.0.100.202403111256/tools/bin/../lib/gcc/arm-none-eabi/12.3.1/../../../../arm-none-eabi/lib/thumb/v7e-m+fp/hard\libm.a(libm_a-w_sqrt.o)
                              ./Core/Src/mainpp.o (sqrt)
C:/ST/STM32CubeIDE_1.15.0/STM32CubeIDE/plugins/com.st.stm32cube.ide.mcu.externaltools.gnu-tools-for-stm32.12.3.rel1.win32_1.0.100.202403111256/tools/bin/../lib/gcc/arm-none-eabi/12.3.1/../../../../arm-none-eabi/lib/thumb/v7e-m+fp/hard\libm.a(libm_a-s_cos.o)
                              ./Core/Src/mainpp.o (cos)
C:/ST/STM32CubeIDE_1.15.0/STM32CubeIDE/plugins/com.st.stm32cube.ide.mcu.externaltools.gnu-tools-for-stm32.12.3.rel1.win32_1.0.100.202403111256/tools/bin/../lib/gcc/arm-none-eabi/12.3.1/../../../../arm-none-eabi/lib/thumb/v7e-m+fp/hard\libm.a(libm_a-s_sin.o)
                              ./Core/Src/mainpp.o (sin)
C:/ST/STM32CubeIDE_1.15.0/STM32CubeIDE/plugins/com.st.stm32cube.ide.mcu.externaltools.gnu-tools-for-stm32.12.3.rel1.win32_1.0.100.202403111256/tools/bin/../lib/gcc/arm-none-eabi/12.3.1/../../../../arm-none-eabi/lib/thumb/v7e-m+fp/hard\libm.a(libm_a-wf_atan2.o)
                              ./Core/Src/mainpp.o (atan2f)
C:/ST/STM32CubeIDE_1.15.0/STM32CubeIDE/plugins/com.st.stm32cube.ide.mcu.externaltools.gnu-tools-for-stm32.12.3.rel1.win32_1.0.100.202403111256/tools/bin/../lib/gcc/arm-none-eabi/12.3.1/../../../../arm-none-eabi/lib/thumb/v7e-m+fp/hard\libm.a(libm_a-e_sqrt.o)
                              C:/ST/STM32CubeIDE_1.15.0/STM32CubeIDE/plugins/com.st.stm32cube.ide.mcu.externaltools.gnu-tools-for-stm32.12.3.rel1.win32_1.0.100.202403111256/tools/bin/../lib/gcc/arm-none-eabi/12.3.1/../../../../arm-none-eabi/lib/thumb/v7e-m+fp/hard\libm.a(libm_a-w_sqrt.o) (__ieee754_sqrt)
C:/ST/STM32CubeIDE_1.15.0/STM32CubeIDE/plugins/com.st.stm32cube.ide.mcu.externaltools.gnu-tools-for-stm32.12.3.rel1.win32_1.0.100.202403111256/tools/bin/../lib/gcc/arm-none-eabi/12.3.1/../../../../arm-none-eabi/lib/thumb/v7e-m+fp/hard\libm.a(libm_a-k_cos.o)
                              C:/ST/STM32CubeIDE_1.15.0/STM32CubeIDE/plugins/com.st.stm32cube.ide.mcu.externaltools.gnu-tools-for-stm32.12.3.rel1.win32_1.0.100.202403111256/tools/bin/../lib/gcc/arm-none-eabi/12.3.1/../../../../arm-none-eabi/lib/thumb/v7e-m+fp/hard\libm.a(libm_a-s_cos.o) (__kernel_cos)
C:/ST/STM32CubeIDE_1.15.0/STM32CubeIDE/plugins/com.st.stm32cube.ide.mcu.externaltools.gnu-tools-for-stm32.12.3.rel1.win32_1.0.100.202403111256/tools/bin/../lib/gcc/arm-none-eabi/12.3.1/../../../../arm-none-eabi/lib/thumb/v7e-m+fp/hard\libm.a(libm_a-k_sin.o)
                              C:/ST/STM32CubeIDE_1.15.0/STM32CubeIDE/plugins/com.st.stm32cube.ide.mcu.externaltools.gnu-tools-for-stm32.12.3.rel1.win32_1.0.100.202403111256/tools/bin/../lib/gcc/arm-none-eabi/12.3.1/../../../../arm-none-eabi/lib/thumb/v7e-m+fp/hard\libm.a(libm_a-s_cos.o) (__kernel_sin)
C:/ST/STM32CubeIDE_1.15.0/STM32CubeIDE/plugins/com.st.stm32cube.ide.mcu.externaltools.gnu-tools-for-stm32.12.3.rel1.win32_1.0.100.202403111256/tools/bin/../lib/gcc/arm-none-eabi/12.3.1/../../../../arm-none-eabi/lib/thumb/v7e-m+fp/hard\libm.a(libm_a-e_rem_pio2.o)
                              C:/ST/STM32CubeIDE_1.15.0/STM32CubeIDE/plugins/com.st.stm32cube.ide.mcu.externaltools.gnu-tools-for-stm32.12.3.rel1.win32_1.0.100.202403111256/tools/bin/../lib/gcc/arm-none-eabi/12.3.1/../../../../arm-none-eabi/lib/thumb/v7e-m+fp/hard\libm.a(libm_a-s_cos.o) (__ieee754_rem_pio2)
C:/ST/STM32CubeIDE_1.15.0/STM32CubeIDE/plugins/com.st.stm32cube.ide.mcu.externaltools.gnu-tools-for-stm32.12.3.rel1.win32_1.0.100.202403111256/tools/bin/../lib/gcc/arm-none-eabi/12.3.1/../../../../arm-none-eabi/lib/thumb/v7e-m+fp/hard\libm.a(libm_a-s_fabs.o)
                              C:/ST/STM32CubeIDE_1.15.0/STM32CubeIDE/plugins/com.st.stm32cube.ide.mcu.externaltools.gnu-tools-for-stm32.12.3.rel1.win32_1.0.100.202403111256/tools/bin/../lib/gcc/arm-none-eabi/12.3.1/../../../../arm-none-eabi/lib/thumb/v7e-m+fp/hard\libm.a(libm_a-e_rem_pio2.o) (fabs)
C:/ST/STM32CubeIDE_1.15.0/STM32CubeIDE/plugins/com.st.stm32cube.ide.mcu.externaltools.gnu-tools-for-stm32.12.3.rel1.win32_1.0.100.202403111256/tools/bin/../lib/gcc/arm-none-eabi/12.3.1/../../../../arm-none-eabi/lib/thumb/v7e-m+fp/hard\libm.a(libm_a-ef_atan2.o)
                              C:/ST/STM32CubeIDE_1.15.0/STM32CubeIDE/plugins/com.st.stm32cube.ide.mcu.externaltools.gnu-tools-for-stm32.12.3.rel1.win32_1.0.100.202403111256/tools/bin/../lib/gcc/arm-none-eabi/12.3.1/../../../../arm-none-eabi/lib/thumb/v7e-m+fp/hard\libm.a(libm_a-wf_atan2.o) (__ieee754_atan2f)
C:/ST/STM32CubeIDE_1.15.0/STM32CubeIDE/plugins/com.st.stm32cube.ide.mcu.externaltools.gnu-tools-for-stm32.12.3.rel1.win32_1.0.100.202403111256/tools/bin/../lib/gcc/arm-none-eabi/12.3.1/../../../../arm-none-eabi/lib/thumb/v7e-m+fp/hard\libm.a(libm_a-sf_atan.o)
[...]
Memory Configuration

Name             Origin             Length             Attributes
CCMRAM           0x10000000         0x00010000         xrw
RAM              0x20000000         0x00020000         xrw
FLASH            0x08000000         0x00100000         xr
*default*        0x00000000         0xffffffff

Linker script and memory map

LOAD C:/ST/STM32CubeIDE_1.15.0/STM32CubeIDE/plugins/com.st.stm32cube.ide.mcu.externaltools.gnu-tools-for-stm32.12.3.rel1.win32_1.0.100.202403111256/tools/bin/../lib/gcc/arm-none-eabi/12.3.1/thumb/v7e-m+fp/hard/crti.o
LOAD C:/ST/STM32CubeIDE_1.15.0/STM32CubeIDE/plugins/com.st.stm32cube.ide.mcu.externaltools.gnu-tools-for-stm32.12.3.rel1.win32_1.0.100.202403111256/tools/bin/../lib/gcc/arm-none-eabi/12.3.1/thumb/v7e-m+fp/hard/crtbegin.o
LOAD C:/ST/STM32CubeIDE_1.15.0/STM32CubeIDE/plugins/com.st.stm32cube.ide.mcu.externaltools.gnu-tools-for-stm32.12.3.rel1.win32_1.0.100.202403111256/tools/bin/../lib/gcc/arm-none-eabi/12.3.1/../../../../arm-none-eabi/lib/thumb/v7e-m+fp/hard/crt0.o
LOAD ./Core/Inc/ROS/duration.o
LOAD ./Core/Inc/ROS/time.o
LOAD ./Core/Src/main.o
LOAD ./Core/Src/mainpp.o
LOAD ./Core/Src/stm32f4xx_hal_msp.o
LOAD ./Core/Src/stm32f4xx_it.o
LOAD ./Core/Src/syscalls.o
LOAD ./Core/Src/sysmem.o
LOAD ./Core/Src/system_stm32f4xx.o
LOAD ./Core/Startup/startup_stm32f407vgtx.o
LOAD ./Drivers/STM32F4xx_HAL_Driver/Src/stm32f4xx_hal.o
LOAD ./Drivers/STM32F4xx_HAL_Driver/Src/stm32f4xx_hal_cortex.o
LOAD ./Drivers/STM32F4xx_HAL_Driver/Src/stm32f4xx_hal_dma.o
LOAD ./Drivers/STM32F4xx_HAL_Driver/Src/stm32f4xx_hal_dma_ex.o
LOAD ./Drivers/STM32F4xx_HAL_Driver/Src/stm32f4xx_hal_exti.o
LOAD ./Drivers/STM32F4xx_HAL_Driver/Src/stm32f4xx_hal_flash.o
LOAD ./Drivers/STM32F4xx_HAL_Driver/Src/stm32f4xx_hal_flash_ex.o
LOAD ./Drivers/STM32F4xx_HAL_Driver/Src/stm32f4xx_hal_flash_ramfunc.o
LOAD ./Drivers/STM32F4xx_HAL_Driver/Src/stm32f4xx_hal_gpio.o
LOAD ./Drivers/STM32F4xx_HAL_Driver/Src/stm32f4xx_hal_i2c.o
LOAD ./Drivers/STM32F4xx_HAL_Driver/Src/stm32f4xx_hal_i2c_ex.o
LOAD ./Drivers/STM32F4xx_HAL_Driver/Src/stm32f4xx_hal_pwr.o
LOAD ./Drivers/STM32F4xx_HAL_Driver/Src/stm32f4xx_hal_pwr_ex.o
LOAD ./Drivers/STM32F4xx_HAL_Driver/Src/stm32f4xx_hal_rcc.o
LOAD ./Drivers/STM32F4xx_HAL_Driver/Src/stm32f4xx_hal_rcc_ex.o
LOAD ./Drivers/STM32F4xx_HAL_Driver/Src/stm32f4xx_hal_tim.o
LOAD ./Drivers/STM32F4xx_HAL_Driver/Src/stm32f4xx_hal_tim_ex.o
LOAD ./Drivers/STM32F4xx_HAL_Driver/Src/stm32f4xx_hal_uart.o
START GROUP
LOAD C:/ST/STM32CubeIDE_1.15.0/STM32CubeIDE/plugins/com.st.stm32cube.ide.mcu.externaltools.gnu-tools-for-stm32.12.3.rel1.win32_1.0.100.202403111256/tools/bin/../lib/gcc/arm-none-eabi/12.3.1/../../../../arm-none-eabi/lib/thumb/v7e-m+fp/hard\libstdc++_nano.a
LOAD C:/ST/STM32CubeIDE_1.15.0/STM32CubeIDE/plugins/com.st.stm32cube.ide.mcu.externaltools.gnu-tools-for-stm32.12.3.rel1.win32_1.0.100.202403111256/tools/bin/../lib/gcc/arm-none-eabi/12.3.1/../../../../arm-none-eabi/lib/thumb/v7e-m+fp/hard\libsupc++_nano.a
END GROUP
LOAD C:/ST/STM32CubeIDE_1.15.0/STM32CubeIDE/plugins/com.st.stm32cube.ide.mcu.externaltools.gnu-tools-for-stm32.12.3.rel1.win32_1.0.100.202403111256/tools/bin/../lib/gcc/arm-none-eabi/12.3.1/../../../../arm-none-eabi/lib/thumb/v7e-m+fp/hard\libstdc++_nano.a
LOAD C:/ST/STM32CubeIDE_1.15.0/STM32CubeIDE/plugins/com.st.stm32cube.ide.mcu.externaltools.gnu-tools-for-stm32.12.3.rel1.win32_1.0.100.202403111256/tools/bin/../lib/gcc/arm-none-eabi/12.3.1/../../../../arm-none-eabi/lib/thumb/v7e-m+fp/hard\libm.a
LOAD C:/ST/STM32CubeIDE_1.15.0/STM32CubeIDE/plugins/com.st.stm32cube.ide.mcu.externaltools.gnu-tools-for-stm32.12.3.rel1.win32_1.0.100.202403111256/tools/bin/../lib/gcc/arm-none-eabi/12.3.1/../../../../arm-none-eabi/lib/thumb/v7e-m+fp/hard\libc_nano.a
START GROUP
LOAD C:/ST/STM32CubeIDE_1.15.0/STM32CubeIDE/plugins/com.st.stm32cube.ide.mcu.externaltools.gnu-tools-for-stm32.12.3.rel1.win32_1.0.100.202403111256/tools/bin/../lib/gcc/arm-none-eabi/12.3.1/thumb/v7e-m+fp/hard\libgcc.a
LOAD C:/ST/STM32CubeIDE_1.15.0/STM32CubeIDE/plugins/com.st.stm32cube.ide.mcu.externaltools.gnu-tools-for-stm32.12.3.rel1.win32_1.0.100.202403111256/tools/bin/../lib/gcc/arm-none-eabi/12.3.1/../../../../arm-none-eabi/lib/thumb/v7e-m+fp/hard\libc_nano.a
END GROUP
START GROUP
LOAD C:/ST/STM32CubeIDE_1.15.0/STM32CubeIDE/plugins/com.st.stm32cube.ide.mcu.externaltools.gnu-tools-for-stm32.12.3.rel1.win32_1.0.100.202403111256/tools/bin/../lib/gcc/arm-none-eabi/12.3.1/thumb/v7e-m+fp/hard\libgcc.a
LOAD C:/ST/STM32CubeIDE_1.15.0/STM32CubeIDE/plugins/com.st.stm32cube.ide.mcu.externaltools.gnu-tools-for-stm32.12.3.rel1.win32_1.0.100.202403111256/tools/bin/../lib/gcc/arm-none-eabi/12.3.1/../../../../arm-none-eabi/lib/thumb/v7e-m+fp/hard\libc_nano.a
END GROUP
LOAD C:/ST/STM32CubeIDE_1.15.0/STM32CubeIDE/plugins/com.st.stm32cube.ide.mcu.externaltools.gnu-tools-for-stm32.12.3.rel1.win32_1.0.100.202403111256/tools/bin/../lib/gcc/arm-none-eabi/12.3.1/thumb/v7e-m+fp/hard/crtend.o
LOAD C:/ST/STM32CubeIDE_1.15.0/STM32CubeIDE/plugins/com.st.stm32cube.ide.mcu.externaltools.gnu-tools-for-stm32.12.3.rel1.win32_1.0.100.202403111256/tools/bin/../lib/gcc/arm-none-eabi/12.3.1/thumb/v7e-m+fp/hard/crtn.o
                0x20020000                        _estack = (ORIGIN (RAM) + LENGTH (RAM))
                0x00000200                        _Min_Heap_Size = 0x200
                0x00000400                        _Min_Stack_Size = 0x400

.isr_vector     0x08000000      0x188
                0x08000000                        . = ALIGN (0x4)
 *(.isr_vector)
 .isr_vector    0x08000000      0x188 ./Core/Startup/startup_stm32f407vgtx.o
                0x08000000                g_pfnVectors
                0x08000188                        . = ALIGN (0x4)

.text           0x08000188    0x10d08
                0x08000188                        . = ALIGN (0x4)
 *(.text)
 .text          0x08000188       0x40 C:/ST/STM32CubeIDE_1.15.0/STM32CubeIDE/plugins/com.st.stm32cube.ide.mcu.externaltools.gnu-tools-for-stm32.12.3.rel1.win32_1.0.100.202403111256/tools/bin/../lib/gcc/arm-none-eabi/12.3.1/thumb/v7e-m+fp/hard/crtbegin.o
 .text          0x080001c8       0x10 C:/ST/STM32CubeIDE_1.15.0/STM32CubeIDE/plugins/com.st.stm32cube.ide.mcu.externaltools.gnu-tools-for-stm32.12.3.rel1.win32_1.0.100.202403111256/tools/bin/../lib/gcc/arm-none-eabi/12.3.1/../../../../arm-none-eabi/lib/thumb/v7e-m+fp/hard\libc_nano.a(libc_a-strlen.o)
                0x080001c8                strlen
 .text          0x080001d8      0x378 C:/ST/STM32CubeIDE_1.15.0/STM32CubeIDE/plugins/com.st.stm32cube.ide.mcu.externaltools.gnu-tools-for-stm32.12.3.rel1.win32_1.0.100.202403111256/tools/bin/../lib/gcc/arm-none-eabi/12.3.1/thumb/v7e-m+fp/hard\libgcc.a(_arm_addsubdf3.o)
                0x080001d8                __aeabi_drsub
                0x080001e0                __aeabi_dsub
                0x080001e0                __subdf3
                0x080001e4                __aeabi_dadd
                0x080001e4                __adddf3
                0x0800045c                __floatunsidf
                0x0800045c                __aeabi_ui2d
                0x0800047c                __floatsidf
                0x0800047c                __aeabi_i2d
                0x080004a0                __aeabi_f2d
                0x080004a0                __extendsfdf2
                0x080004e4                __floatundidf
                0x080004e4                __aeabi_ul2d
                0x080004f4                __floatdidf
                0x080004f4                __aeabi_l2d
 .text          0x08000550      0x424 C:/ST/STM32CubeIDE_1.15.0/STM32CubeIDE/plugins/com.st.stm32cube.ide.mcu.externaltools.gnu-tools-for-stm32.12.3.rel1.win32_1.0.100.202403111256/tools/bin/../lib/gcc/arm-none-eabi/12.3.1/thumb/v7e-m+fp/hard\libgcc.a(_arm_muldivdf3.o)
                0x08000550                __aeabi_dmul
                0x08000550                __muldf3
                0x080007a4                __divdf3
                0x080007a4                __aeabi_ddiv
 .text          0x08000974      0x110 C:/ST/STM32CubeIDE_1.15.0/STM32CubeIDE/plugins/com.st.stm32cube.ide.mcu.externaltools.gnu-tools-for-stm32.12.3.rel1.win32_1.0.100.202403111256/tools/bin/../lib/gcc/arm-none-eabi/12.3.1/thumb/v7e-m+fp/hard\libgcc.a(_arm_cmpdf2.o)
                0x08000974                __gtdf2
                0x08000974                __gedf2
                0x0800097c                __ltdf2
                0x0800097c                __ledf2
                0x08000984                __nedf2
                0x08000984                __eqdf2
                0x08000984                __cmpdf2
                0x08000a00                __aeabi_cdrcmple
                0x08000a10                __aeabi_cdcmpeq
                0x08000a10                __aeabi_cdcmple
                0x08000a20                __aeabi_dcmpeq
                0x08000a34                __aeabi_dcmplt
                0x08000a48                __aeabi_dcmple
                0x08000a5c                __aeabi_dcmpge
                0x08000a70                __aeabi_dcmpgt
 .text          0x08000a84       0x2c C:/ST/STM32CubeIDE_1.15.0/STM32CubeIDE/plugins/com.st.stm32cube.ide.mcu.externaltools.gnu-tools-for-stm32.12.3.rel1.win32_1.0.100.202403111256/tools/bin/../lib/gcc/arm-none-eabi/12.3.1/thumb/v7e-m+fp/hard\libgcc.a(_arm_unorddf2.o)
                0x08000a84                __unorddf2
                0x08000a84                __aeabi_dcmpun
 .text          0x08000ab0       0x50 C:/ST/STM32CubeIDE_1.15.0/STM32CubeIDE/plugins/com.st.stm32cube.ide.mcu.externaltools.gnu-tools-for-stm32.12.3.rel1.win32_1.0.100.202403111256/tools/bin/../lib/gcc/arm-none-eabi/12.3.1/thumb/v7e-m+fp/hard\libgcc.a(_arm_fixdfsi.o)
                0x08000ab0                __aeabi_d2iz
                0x08000ab0                __fixdfsi
 .text          0x08000b00       0xa0 C:/ST/STM32CubeIDE_1.15.0/STM32CubeIDE/plugins/com.st.stm32cube.ide.mcu.externaltools.gnu-tools-for-stm32.12.3.rel1.win32_1.0.100.202403111256/tools/bin/../lib/gcc/arm-none-eabi/12.3.1/thumb/v7e-m+fp/hard\libgcc.a(_arm_truncdfsf2.o)
                0x08000b00                __truncdfsf2
                0x08000b00                __aeabi_d2f
 .text          0x08000ba0       0x30 C:/ST/STM32CubeIDE_1.15.0/STM32CubeIDE/plugins/com.st.stm32cube.ide.mcu.externaltools.gnu-tools-for-stm32.12.3.rel1.win32_1.0.100.202403111256/tools/bin/../lib/gcc/arm-none-eabi/12.3.1/thumb/v7e-m+fp/hard\libgcc.a(_aeabi_uldivmod.o)
                0x08000ba0                __aeabi_uldivmod
 .text          0x08000bd0      0x2bc C:/ST/STM32CubeIDE_1.15.0/STM32CubeIDE/plugins/com.st.stm32cube.ide.mcu.externaltools.gnu-tools-for-stm32.12.3.rel1.win32_1.0.100.202403111256/tools/bin/../lib/gcc/arm-none-eabi/12.3.1/thumb/v7e-m+fp/hard\libgcc.a(_udivmoddi4.o)
                0x08000bd0                __udivmoddi4
 .text          0x08000e8c        0x4 C:/ST/STM32CubeIDE_1.15.0/STM32CubeIDE/plugins/com.st.stm32cube.ide.mcu.externaltools.gnu-tools-for-stm32.12.3.rel1.win32_1.0.100.202403111256/tools/bin/../lib/gcc/arm-none-eabi/12.3.1/thumb/v7e-m+fp/hard\libgcc.a(_dvmd_tls.o)
                0x08000e8c                __aeabi_idiv0
                0x08000e8c                __aeabi_ldiv0
 *(.text*)
 .text._ZN3ros16normalizeSecNSecERmS0_
                0x08000e90       0x58 ./Core/Inc/ROS/time.o
                0x08000e90                ros::normalizeSecNSec(unsigned long&, unsigned long&)
 .text._Z3PIDv  0x08000ee8      0x37c ./Core/Src/main.o
                0x08000ee8                PID()
 .text.HAL_TIM_PeriodElapsedCallback
                0x08001264      0x18c ./Core/Src/main.o
                0x08001264                HAL_TIM_PeriodElapsedCallback
 .text.main     0x080013f0      0x1a4 ./Core/Src/main.o
                0x080013f0                main
 .text._Z18SystemClock_Configv
                0x08001594       0xe8 ./Core/Src/main.o
                0x08001594                SystemClock_Config()
 .text._ZL12MX_I2C1_Initv
                0x0800167c       0x68 ./Core/Src/main.o
 .text._ZL12MX_TIM1_Initv
                0x080016e4      0x1e4 ./Core/Src/main.o
 .text._ZL12MX_TIM2_Initv
                0x080018c8       0xbc ./Core/Src/main.o
 .text._ZL12MX_TIM3_Initv
                0x08001984       0xbc ./Core/Src/main.o
 .text._ZL12MX_TIM4_Initv
                0x08001a40       0xbc ./Core/Src/main.o
 .text._ZL12MX_TIM5_Initv
                0x08001afc       0xbc ./Core/Src/main.o
 .text._ZL12MX_TIM6_Initv
                0x08001bb8       0x80 ./Core/Src/main.o
 .text._ZL12MX_TIM7_Initv
                0x08001c38       0x80 ./Core/Src/main.o
 .text._ZL12MX_TIM9_Initv
                0x08001cb8       0x88 ./Core/Src/main.o
 .text._ZL19MX_USART2_UART_Initv
                0x08001d40       0x5c ./Core/Src/main.o
 .text._ZL11MX_DMA_Initv
                0x08001d9c       0x50 ./Core/Src/main.o
 .text._ZL12MX_GPIO_Initv
                0x08001dec      0x124 ./Core/Src/main.o
 .text.Error_Handler
                0x08001f10        0xc ./Core/Src/main.o
                0x08001f10                Error_Handler
 *fill*         0x08001f1c        0x4 
 .text._Z41__static_initialization_and_destruction_0ii
                0x08001f20       0x58 ./Core/Src/main.o
 .text._GLOBAL__sub_I_hi2c1
                0x08001f78       0x10 ./Core/Src/main.o
 .text._ZSt5atan2ff
                0x08001f88       0x28 ./Core/Src/mainpp.o
                0x08001f88                std::atan2(float, float)
 .text._ZN3ros4TimeC2Ev
                0x08001fb0       0x22 ./Core/Src/mainpp.o
                0x08001fb0                ros::Time::Time()
                0x08001fb0                ros::Time::Time()
 *fill*         0x08001fd2        0x2 
 .text._ZN3ros3MsgC2Ev
                0x08001fd4       0x20 ./Core/Src/mainpp.o
                0x08001fd4                ros::Msg::Msg()
                0x08001fd4                ros::Msg::Msg()
 .text._ZN8std_msgs4TimeC2Ev
                0x08001ff4       0x30 ./Core/Src/mainpp.o
                0x08001ff4                std_msgs::Time::Time()
                0x08001ff4                std_msgs::Time::Time()
 .text._ZNK8std_msgs4Time9serializeEPh
                0x08002024       0xb0 ./Core/Src/mainpp.o
                0x08002024                std_msgs::Time::serialize(unsigned char*) const
 .text._ZN8std_msgs4Time11deserializeEPh
                0x080020d4       0xc8 ./Core/Src/mainpp.o
                0x080020d4                std_msgs::Time::deserialize(unsigned char*)
 .text._ZN8std_msgs4Time7getTypeEv
                0x0800219c       0x1c ./Core/Src/mainpp.o
                0x0800219c                std_msgs::Time::getType()
 .text._ZN8std_msgs4Time6getMD5Ev
                0x080021b8       0x1c ./Core/Src/mainpp.o
                0x080021b8                std_msgs::Time::getMD5()
 .text._ZN14rosserial_msgs9TopicInfoC2Ev
                0x080021d4       0x48 ./Core/Src/mainpp.o
                0x080021d4                rosserial_msgs::TopicInfo::TopicInfo()
                0x080021d4                rosserial_msgs::TopicInfo::TopicInfo()
 .text._ZNK14rosserial_msgs9TopicInfo9serializeEPh
                0x0800221c      0x136 ./Core/Src/mainpp.o
                0x0800221c                rosserial_msgs::TopicInfo::serialize(unsigned char*) const
 .text._ZN14rosserial_msgs9TopicInfo11deserializeEPh
                0x08002352      0x1d0 ./Core/Src/mainpp.o
                0x08002352                rosserial_msgs::TopicInfo::deserialize(unsigned char*)
 *fill*         0x08002522        0x2 
 .text._ZN14rosserial_msgs9TopicInfo7getTypeEv
                0x08002524       0x1c ./Core/Src/mainpp.o
                0x08002524                rosserial_msgs::TopicInfo::getType()
 .text._ZN14rosserial_msgs9TopicInfo6getMD5Ev
                0x08002540       0x1c ./Core/Src/mainpp.o
                0x08002540                rosserial_msgs::TopicInfo::getMD5()
 .text._ZN14rosserial_msgs3LogC2Ev
                0x0800255c       0x34 ./Core/Src/mainpp.o
                0x0800255c                rosserial_msgs::Log::Log()
                0x0800255c                rosserial_msgs::Log::Log()
 .text._ZNK14rosserial_msgs3Log9serializeEPh
                0x08002590       0x64 ./Core/Src/mainpp.o
                0x08002590                rosserial_msgs::Log::serialize(unsigned char*) const
 .text._ZN14rosserial_msgs3Log11deserializeEPh
                0x080025f4       0x90 ./Core/Src/mainpp.o
                0x080025f4                rosserial_msgs::Log::deserialize(unsigned char*)
 .text._ZN14rosserial_msgs3Log7getTypeEv
                0x08002684       0x1c ./Core/Src/mainpp.o
                0x08002684                rosserial_msgs::Log::getType()
 .text._ZN14rosserial_msgs3Log6getMD5Ev
                0x080026a0       0x1c ./Core/Src/mainpp.o
                0x080026a0                rosserial_msgs::Log::getMD5()
 .text._ZN14rosserial_msgs20RequestParamResponseC2Ev
                0x080026bc       0x5c ./Core/Src/mainpp.o
                0x080026bc                rosserial_msgs::RequestParamResponse::RequestParamResponse()
                0x080026bc                rosserial_msgs::RequestParamResponse::RequestParamResponse()
 .text._ZNK14rosserial_msgs20RequestParamResponse9serializeEPh
                0x08002718      0x222 ./Core/Src/mainpp.o
                0x08002718                rosserial_msgs::RequestParamResponse::serialize(unsigned char*) const
 .text._ZN14rosserial_msgs20RequestParamResponse11deserializeEPh
                0x0800293a      0x2e2 ./Core/Src/mainpp.o
                0x0800293a                rosserial_msgs::RequestParamResponse::deserialize(unsigned char*)
 .text._ZN14rosserial_msgs20RequestParamResponse7getTypeEv
                0x08002c1c       0x1c ./Core/Src/mainpp.o
                0x08002c1c                rosserial_msgs::RequestParamResponse::getType()
 .text._ZN14rosserial_msgs20RequestParamResponse6getMD5Ev
                0x08002c38       0x1c ./Core/Src/mainpp.o
                0x08002c38                rosserial_msgs::RequestParamResponse::getMD5()
 .text._ZN3ros9PublisherC2EPKcPNS_3MsgEi
                0x08002c54       0x2e ./Core/Src/mainpp.o
                0x08002c54                ros::Publisher::Publisher(char const*, ros::Msg*, int)
                0x08002c54                ros::Publisher::Publisher(char const*, ros::Msg*, int)
 .text._ZN3ros9Publisher7publishEPKNS_3MsgE
                0x08002c82       0x28 ./Core/Src/mainpp.o
                0x08002c82                ros::Publisher::publish(ros::Msg const*)
 .text._ZN3ros9Publisher15getEndpointTypeEv
                0x08002caa       0x18 ./Core/Src/mainpp.o
                0x08002caa                ros::Publisher::getEndpointType()
 .text._ZN13STM32Hardware10getRdmaIndEv
                0x08002cc2       0x26 ./Core/Src/mainpp.o
                0x08002cc2                STM32Hardware::getRdmaInd()
 .text._ZN13STM32HardwareC2Ev
                0x08002ce8       0x38 ./Core/Src/mainpp.o
                0x08002ce8                STM32Hardware::STM32Hardware()
                0x08002ce8                STM32Hardware::STM32Hardware()
 .text._ZN13STM32Hardware4initEv
                0x08002d20       0x16 ./Core/Src/mainpp.o
                0x08002d20                STM32Hardware::init()
 .text._ZN13STM32Hardware10reset_rbufEv
                0x08002d36       0x22 ./Core/Src/mainpp.o
                0x08002d36                STM32Hardware::reset_rbuf()
 .text._ZN13STM32Hardware4readEv
                0x08002d58       0x5a ./Core/Src/mainpp.o
                0x08002d58                STM32Hardware::read()
 *fill*         0x08002db2        0x2 
 .text._ZN13STM32Hardware5flushEv
                0x08002db4       0xbc ./Core/Src/mainpp.o
                0x08002db4                STM32Hardware::flush()
 .text._ZN13STM32Hardware5writeEPhi
                0x08002e70       0x8c ./Core/Src/mainpp.o
                0x08002e70                STM32Hardware::write(unsigned char*, int)
 .text._ZN13STM32Hardware4timeEv
                0x08002efc       0x16 ./Core/Src/mainpp.o
                0x08002efc                STM32Hardware::time()
 *fill*         0x08002f12        0x2 
 .text._ZN8std_msgs19MultiArrayDimensionC2Ev
                0x08002f14       0x3c ./Core/Src/mainpp.o
                0x08002f14                std_msgs::MultiArrayDimension::MultiArrayDimension()
                0x08002f14                std_msgs::MultiArrayDimension::MultiArrayDimension()
 .text._ZNK8std_msgs19MultiArrayDimension9serializeEPh
                0x08002f50       0xe6 ./Core/Src/mainpp.o
                0x08002f50                std_msgs::MultiArrayDimension::serialize(unsigned char*) const
 .text._ZN8std_msgs19MultiArrayDimension11deserializeEPh
                0x08003036      0x12a ./Core/Src/mainpp.o
                0x08003036                std_msgs::MultiArrayDimension::deserialize(unsigned char*)
 .text._ZN8std_msgs19MultiArrayDimension7getTypeEv
                0x08003160       0x1c ./Core/Src/mainpp.o
                0x08003160                std_msgs::MultiArrayDimension::getType()
 .text._ZN8std_msgs19MultiArrayDimension6getMD5Ev
                0x0800317c       0x1c ./Core/Src/mainpp.o
                0x0800317c                std_msgs::MultiArrayDimension::getMD5()
 .text._ZN8std_msgs16MultiArrayLayoutC2Ev
                0x08003198       0x40 ./Core/Src/mainpp.o
                0x08003198                std_msgs::MultiArrayLayout::MultiArrayLayout()
                0x08003198                std_msgs::MultiArrayLayout::MultiArrayLayout()
 .text._ZNK8std_msgs16MultiArrayLayout9serializeEPh
                0x080031d8       0xec ./Core/Src/mainpp.o
                0x080031d8                std_msgs::MultiArrayLayout::serialize(unsigned char*) const
 .text._ZN8std_msgs16MultiArrayLayout11deserializeEPh
                0x080032c4      0x120 ./Core/Src/mainpp.o
                0x080032c4                std_msgs::MultiArrayLayout::deserialize(unsigned char*)
 .text._ZN8std_msgs16MultiArrayLayout7getTypeEv
                0x080033e4       0x1c ./Core/Src/mainpp.o
                0x080033e4                std_msgs::MultiArrayLayout::getType()
 .text._ZN8std_msgs16MultiArrayLayout6getMD5Ev
                0x08003400       0x1c ./Core/Src/mainpp.o
                0x08003400                std_msgs::MultiArrayLayout::getMD5()
 .text._ZN8std_msgs17Float32MultiArrayC2Ev
                0x0800341c       0x44 ./Core/Src/mainpp.o
                0x0800341c                std_msgs::Float32MultiArray::Float32MultiArray()
                0x0800341c                std_msgs::Float32MultiArray::Float32MultiArray()
 .text._ZNK8std_msgs17Float32MultiArray9serializeEPh
                0x08003460       0xe0 ./Core/Src/mainpp.o
                0x08003460                std_msgs::Float32MultiArray::serialize(unsigned char*) const
 .text._ZN8std_msgs17Float32MultiArray11deserializeEPh
                0x08003540      0x118 ./Core/Src/mainpp.o
                0x08003540                std_msgs::Float32MultiArray::deserialize(unsigned char*)
 .text._ZN8std_msgs17Float32MultiArray7getTypeEv
                0x08003658       0x1c ./Core/Src/mainpp.o
                0x08003658                std_msgs::Float32MultiArray::getType()
 .text._ZN8std_msgs17Float32MultiArray6getMD5Ev
                0x08003674       0x1c ./Core/Src/mainpp.o
                0x08003674                std_msgs::Float32MultiArray::getMD5()
 .text._ZN13geometry_msgs7Vector3C2Ev
                0x08003690       0x50 ./Core/Src/mainpp.o
                0x08003690                geometry_msgs::Vector3::Vector3()
                0x08003690                geometry_msgs::Vector3::Vector3()
 .text._ZNK13geometry_msgs7Vector39serializeEPh
                0x080036e0      0x2e6 ./Core/Src/mainpp.o
                0x080036e0                geometry_msgs::Vector3::serialize(unsigned char*) const
 .text._ZN13geometry_msgs7Vector311deserializeEPh
                0x080039c6      0x6be ./Core/Src/mainpp.o
                0x080039c6                geometry_msgs::Vector3::deserialize(unsigned char*)
 .text._ZN13geometry_msgs7Vector37getTypeEv
                0x08004084       0x1c ./Core/Src/mainpp.o
                0x08004084                geometry_msgs::Vector3::getType()
 .text._ZN13geometry_msgs7Vector36getMD5Ev
                0x080040a0       0x1c ./Core/Src/mainpp.o
                0x080040a0                geometry_msgs::Vector3::getMD5()
 .text._ZN13geometry_msgs5TwistC2Ev
                0x080040bc       0x38 ./Core/Src/mainpp.o
                0x080040bc                geometry_msgs::Twist::Twist()
                0x080040bc                geometry_msgs::Twist::Twist()
 .text._ZNK13geometry_msgs5Twist9serializeEPh
                0x080040f4       0x4c ./Core/Src/mainpp.o
                0x080040f4                geometry_msgs::Twist::serialize(unsigned char*) const
 .text._ZN13geometry_msgs5Twist11deserializeEPh
                0x08004140       0x4c ./Core/Src/mainpp.o
                0x08004140                geometry_msgs::Twist::deserialize(unsigned char*)
 .text._ZN13geometry_msgs5Twist7getTypeEv
                0x0800418c       0x1c ./Core/Src/mainpp.o
                0x0800418c                geometry_msgs::Twist::getType()
 .text._ZN13geometry_msgs5Twist6getMD5Ev
                0x080041a8       0x1c ./Core/Src/mainpp.o
                0x080041a8                geometry_msgs::Twist::getMD5()
 .text._ZN8std_msgs6HeaderC2Ev
                0x080041c4       0x40 ./Core/Src/mainpp.o
                0x080041c4                std_msgs::Header::Header()
                0x080041c4                std_msgs::Header::Header()
 .text._ZNK8std_msgs6Header9serializeEPh
                0x08004204      0x130 ./Core/Src/mainpp.o
                0x08004204                std_msgs::Header::serialize(unsigned char*) const
 .text._ZN8std_msgs6Header11deserializeEPh
                0x08004334      0x180 ./Core/Src/mainpp.o
                0x08004334                std_msgs::Header::deserialize(unsigned char*)
 .text._ZN8std_msgs6Header7getTypeEv
                0x080044b4       0x1c ./Core/Src/mainpp.o
                0x080044b4                std_msgs::Header::getType()
 .text._ZN8std_msgs6Header6getMD5Ev
                0x080044d0       0x1c ./Core/Src/mainpp.o
                0x080044d0                std_msgs::Header::getMD5()
 .text._ZN13geometry_msgs10QuaternionC2Ev
                0x080044ec       0x5c ./Core/Src/mainpp.o
                0x080044ec                geometry_msgs::Quaternion::Quaternion()
                0x080044ec                geometry_msgs::Quaternion::Quaternion()
 .text._ZNK13geometry_msgs10Quaternion9serializeEPh
                0x08004548      0x3d4 ./Core/Src/mainpp.o
                0x08004548                geometry_msgs::Quaternion::serialize(unsigned char*) const
 .text._ZN13geometry_msgs10Quaternion11deserializeEPh
                0x0800491c      0x914 ./Core/Src/mainpp.o
                0x0800491c                geometry_msgs::Quaternion::deserialize(unsigned char*)
 .text._ZN13geometry_msgs10Quaternion7getTypeEv
                0x08005230       0x1c ./Core/Src/mainpp.o
                0x08005230                geometry_msgs::Quaternion::getType()
 .text._ZN13geometry_msgs10Quaternion6getMD5Ev
                0x0800524c       0x1c ./Core/Src/mainpp.o
                0x0800524c                geometry_msgs::Quaternion::getMD5()
 .text._ZN11sensor_msgs3ImuC2Ev
                0x08005268       0xa8 ./Core/Src/mainpp.o
                0x08005268                sensor_msgs::Imu::Imu()
                0x08005268                sensor_msgs::Imu::Imu()
 .text._ZNK11sensor_msgs3Imu9serializeEPh
                0x08005310      0x39c ./Core/Src/mainpp.o
                0x08005310                sensor_msgs::Imu::serialize(unsigned char*) const
 .text._ZN11sensor_msgs3Imu11deserializeEPh
                0x080056ac      0x7ba ./Core/Src/mainpp.o
                0x080056ac                sensor_msgs::Imu::deserialize(unsigned char*)
 *fill*         0x08005e66        0x2 
 .text._ZN11sensor_msgs3Imu7getTypeEv
                0x08005e68       0x1c ./Core/Src/mainpp.o
                0x08005e68                sensor_msgs::Imu::getType()
 .text._ZN11sensor_msgs3Imu6getMD5Ev
                0x08005e84       0x1c ./Core/Src/mainpp.o
                0x08005e84                sensor_msgs::Imu::getMD5()
 .text._ZN3ros15NodeHandleBase_C2Ev
                0x08005ea0       0x20 ./Core/Src/mainpp.o
                0x08005ea0                ros::NodeHandleBase_::NodeHandleBase_()
                0x08005ea0                ros::NodeHandleBase_::NodeHandleBase_()
 .text._ZN3ros11NodeHandle_I13STM32HardwareLi25ELi25ELi512ELi512EEC2Ev
                0x08005ec0       0xf0 ./Core/Src/mainpp.o
                0x08005ec0                ros::NodeHandle_<STM32Hardware, 25, 25, 512, 512>::NodeHandle_()
                0x08005ec0                ros::NodeHandle_<STM32Hardware, 25, 25, 512, 512>::NodeHandle_()
 .text.HAL_UART_TxCpltCallback
                0x08005fb0       0x24 ./Core/Src/mainpp.o
                0x08005fb0                HAL_UART_TxCpltCallback
 .text.HAL_UART_RxCpltCallback
                0x08005fd4       0x24 ./Core/Src/mainpp.o
                0x08005fd4                HAL_UART_RxCpltCallback
 .text.setup    0x08005ff8       0x50 ./Core/Src/mainpp.o
                0x08005ff8                setup
 .text.loop     0x08006048      0x158 ./Core/Src/mainpp.o
                0x08006048                loop
 .text._Z16cmd_vel_callbackRKN13geometry_msgs5TwistE
                0x080061a0      0x2a0 ./Core/Src/mainpp.o
                0x080061a0                cmd_vel_callback(geometry_msgs::Twist const&)
 .text._Z16cmd_PID_callbackRKN8std_msgs17Float32MultiArrayE
                0x08006440       0xc0 ./Core/Src/mainpp.o
                0x08006440                cmd_PID_callback(std_msgs::Float32MultiArray const&)
 .text._ZL9GetSectorm
                0x08006500      0x160 ./Core/Src/mainpp.o
 .text._Z11float2BytesPhf
                0x08006660       0x42 ./Core/Src/mainpp.o
                0x08006660                float2Bytes(unsigned char*, float)
 .text._Z11Bytes2floatPh
                0x080066a2       0x44 ./Core/Src/mainpp.o
                0x080066a2                Bytes2float(unsigned char*)
 .text.Flash_Write_Array_Float
                0x080066e6       0xd4 ./Core/Src/mainpp.o
                0x080066e6                Flash_Write_Array_Float
 .text.Flash_Read_Array_Float
                0x080067ba       0x74 ./Core/Src/mainpp.o
                0x080067ba                Flash_Read_Array_Float
 *fill*         0x0800682e        0x2 
 .text.MPU_begin
                0x08006830       0xd4 ./Core/Src/mainpp.o
                0x08006830                MPU_begin
 .text.MPU_setFullScaleRange
                0x08006904       0x2c ./Core/Src/mainpp.o
                0x08006904                MPU_setFullScaleRange
 .text.MPU_writeAccScaleRange
                0x08006930      0x120 ./Core/Src/mainpp.o
                0x08006930                MPU_writeAccScaleRange
 .text.MPU_writeGyrScaleRange
                0x08006a50      0x124 ./Core/Src/mainpp.o
                0x08006a50                MPU_writeGyrScaleRange
 .text.MPU_readRawData
                0x08006b74      0x10c ./Core/Src/mainpp.o
                0x08006b74                MPU_readRawData
 .text.MPU_calibrateGyro
                0x08006c80       0xd8 ./Core/Src/mainpp.o
                0x08006c80                MPU_calibrateGyro
 .text.MPU_readSensorData
                0x08006d58      0x11c ./Core/Src/mainpp.o
                0x08006d58                MPU_readSensorData
 *fill*         0x08006e74        0x4 
 .text.MPU_calcAttitude
                0x08006e78      0x170 ./Core/Src/mainpp.o
                0x08006e78                MPU_calcAttitude
 .text.toQuaternion
                0x08006fe8      0x2f0 ./Core/Src/mainpp.o
                0x08006fe8                toQuaternion
 .text._ZN3ros3Msg8varToArrIPhmEEvT_T0_
                0x080072d8       0x3e ./Core/Src/mainpp.o
                0x080072d8                void ros::Msg::varToArr<unsigned char*, unsigned long>(unsigned char*, unsigned long)
 .text._ZN3ros3Msg8arrToVarImPhEEvRT_T0_
                0x08007316       0x4c ./Core/Src/mainpp.o
                0x08007316                void ros::Msg::arrToVar<unsigned long, unsigned char*>(unsigned long&, unsigned char*)
 *fill*         0x08007362        0x2 
 .text._ZN3ros11Subscriber_C2Ev
                0x08007364       0x20 ./Core/Src/mainpp.o
                0x08007364                ros::Subscriber_::Subscriber_()
                0x08007364                ros::Subscriber_::Subscriber_()
 .text._ZN3ros10SubscriberIN13geometry_msgs5TwistEvEC2EPKcPFvRKS2_Ei
                0x08007384       0x48 ./Core/Src/mainpp.o
                0x08007384                ros::Subscriber<geometry_msgs::Twist, void>::Subscriber(char const*, void (*)(geometry_msgs::Twist const&), int)
                0x08007384                ros::Subscriber<geometry_msgs::Twist, void>::Subscriber(char const*, void (*)(geometry_msgs::Twist const&), int)
 .text._ZN3ros10SubscriberIN8std_msgs17Float32MultiArrayEvEC2EPKcPFvRKS2_Ei
                0x080073cc       0x48 ./Core/Src/mainpp.o
                0x080073cc                ros::Subscriber<std_msgs::Float32MultiArray, void>::Subscriber(char const*, void (*)(std_msgs::Float32MultiArray const&), int)
                0x080073cc                ros::Subscriber<std_msgs::Float32MultiArray, void>::Subscriber(char const*, void (*)(std_msgs::Float32MultiArray const&), int)
 .text._ZN3ros11NodeHandle_I13STM32HardwareLi25ELi25ELi512ELi512EE11getHardwareEv
                0x08007414       0x18 ./Core/Src/mainpp.o
                0x08007414                ros::NodeHandle_<STM32Hardware, 25, 25, 512, 512>::getHardware()
 .text._ZN3ros11NodeHandle_I13STM32HardwareLi25ELi25ELi512ELi512EE8initNodeEv
                0x0800742c       0x3a ./Core/Src/mainpp.o
                0x0800742c                ros::NodeHandle_<STM32Hardware, 25, 25, 512, 512>::initNode()
 .text._ZN3ros11NodeHandle_I13STM32HardwareLi25ELi25ELi512ELi512EE9advertiseERNS_9PublisherE
                0x08007466       0x60 ./Core/Src/mainpp.o
                0x08007466                ros::NodeHandle_<STM32Hardware, 25, 25, 512, 512>::advertise(ros::Publisher&)
 .text._ZN3ros11NodeHandle_I13STM32HardwareLi25ELi25ELi512ELi512EE9subscribeERNS_11Subscriber_E
                0x080074c6       0x56 ./Core/Src/mainpp.o
                0x080074c6                ros::NodeHandle_<STM32Hardware, 25, 25, 512, 512>::subscribe(ros::Subscriber_&)
 .text._ZN3ros11NodeHandle_I13STM32HardwareLi25ELi25ELi512ELi512EE3nowEv
                0x0800751c       0x78 ./Core/Src/mainpp.o
                0x0800751c                ros::NodeHandle_<STM32Hardware, 25, 25, 512, 512>::now()
 .text._ZN3ros11NodeHandle_I13STM32HardwareLi25ELi25ELi512ELi512EE8spinOnceEv
                0x08007594      0x3b2 ./Core/Src/mainpp.o
                0x08007594                ros::NodeHandle_<STM32Hardware, 25, 25, 512, 512>::spinOnce()
 .text._ZSt4sqrtIiEN9__gnu_cxx11__enable_ifIXsrSt12__is_integerIT_E7__valueEdE6__typeES3_
                0x08007946       0x30 ./Core/Src/mainpp.o
                0x08007946                __gnu_cxx::__enable_if<std::__is_integer<int>::__value, double>::__type std::sqrt<int>(int)
 .text._ZN3ros11NodeHandle_I13STM32HardwareLi25ELi25ELi512ELi512EE15requestSyncTimeEv
                0x08007976       0x3c ./Core/Src/mainpp.o
                0x08007976                ros::NodeHandle_<STM32Hardware, 25, 25, 512, 512>::requestSyncTime()
 .text._ZN3ros11NodeHandle_I13STM32HardwareLi25ELi25ELi512ELi512EE15negotiateTopicsEv
                0x080079b2      0x1be ./Core/Src/mainpp.o
                0x080079b2                ros::NodeHandle_<STM32Hardware, 25, 25, 512, 512>::negotiateTopics()
 .text._ZN3ros11NodeHandle_I13STM32HardwareLi25ELi25ELi512ELi512EE8syncTimeEPh
                0x08007b70       0x98 ./Core/Src/mainpp.o
                0x08007b70                ros::NodeHandle_<STM32Hardware, 25, 25, 512, 512>::syncTime(unsigned char*)
 .text._ZN3ros11NodeHandle_I13STM32HardwareLi25ELi25ELi512ELi512EE7publishEiPKNS_3MsgE
                0x08007c08      0x128 ./Core/Src/mainpp.o
                0x08007c08                ros::NodeHandle_<STM32Hardware, 25, 25, 512, 512>::publish(int, ros::Msg const*)
 .text._ZN3ros11NodeHandle_I13STM32HardwareLi25ELi25ELi512ELi512EE6setNowERKNS_4TimeE
                0x08007d30       0x80 ./Core/Src/mainpp.o
                0x08007d30                ros::NodeHandle_<STM32Hardware, 25, 25, 512, 512>::setNow(ros::Time const&)
 .text._ZN3ros11NodeHandle_I13STM32HardwareLi25ELi25ELi512ELi512EE8logerrorEPKc
                0x08007db0       0x1c ./Core/Src/mainpp.o
                0x08007db0                ros::NodeHandle_<STM32Hardware, 25, 25, 512, 512>::logerror(char const*)
 .text._ZN3ros11NodeHandle_I13STM32HardwareLi25ELi25ELi512ELi512EE3logEcPKc
                0x08007dcc       0x38 ./Core/Src/mainpp.o
                0x08007dcc                ros::NodeHandle_<STM32Hardware, 25, 25, 512, 512>::log(char, char const*)
 .text._Z41__static_initialization_and_destruction_0ii
                0x08007e04       0xc0 ./Core/Src/mainpp.o
 .text._ZN3ros10SubscriberIN8std_msgs17Float32MultiArrayEvE8callbackEPh
                0x08007ec4       0x2a ./Core/Src/mainpp.o
                0x08007ec4                ros::Subscriber<std_msgs::Float32MultiArray, void>::callback(unsigned char*)
 .text._ZN3ros10SubscriberIN8std_msgs17Float32MultiArrayEvE15getEndpointTypeEv
                0x08007eee       0x18 ./Core/Src/mainpp.o
                0x08007eee                ros::Subscriber<std_msgs::Float32MultiArray, void>::getEndpointType()
 .text._ZN3ros10SubscriberIN8std_msgs17Float32MultiArrayEvE10getMsgTypeEv
                0x08007f06       0x1c ./Core/Src/mainpp.o
                0x08007f06                ros::Subscriber<std_msgs::Float32MultiArray, void>::getMsgType()
 .text._ZN3ros10SubscriberIN8std_msgs17Float32MultiArrayEvE9getMsgMD5Ev
                0x08007f22       0x1c ./Core/Src/mainpp.o
                0x08007f22                ros::Subscriber<std_msgs::Float32MultiArray, void>::getMsgMD5()
 .text._ZN3ros10SubscriberIN13geometry_msgs5TwistEvE8callbackEPh
                0x08007f3e       0x2a ./Core/Src/mainpp.o
                0x08007f3e                ros::Subscriber<geometry_msgs::Twist, void>::callback(unsigned char*)
 .text._ZN3ros10SubscriberIN13geometry_msgs5TwistEvE15getEndpointTypeEv
                0x08007f68       0x18 ./Core/Src/mainpp.o
                0x08007f68                ros::Subscriber<geometry_msgs::Twist, void>::getEndpointType()
 .text._ZN3ros10SubscriberIN13geometry_msgs5TwistEvE10getMsgTypeEv
                0x08007f80       0x1c ./Core/Src/mainpp.o
                0x08007f80                ros::Subscriber<geometry_msgs::Twist, void>::getMsgType()
 .text._ZN3ros10SubscriberIN13geometry_msgs5TwistEvE9getMsgMD5Ev
                0x08007f9c       0x1c ./Core/Src/mainpp.o
                0x08007f9c                ros::Subscriber<geometry_msgs::Twist, void>::getMsgMD5()
 .text._ZN3ros11NodeHandle_I13STM32HardwareLi25ELi25ELi512ELi512EE9connectedEv
                0x08007fb8       0x1a ./Core/Src/mainpp.o
                0x08007fb8                ros::NodeHandle_<STM32Hardware, 25, 25, 512, 512>::connected()
 .text._GLOBAL__sub_I_nh
                0x08007fd2       0x10 ./Core/Src/mainpp.o
 *fill*         0x08007fe2        0x2 
 .text.HAL_MspInit
                0x08007fe4       0x50 ./Core/Src/stm32f4xx_hal_msp.o
                0x08007fe4                HAL_MspInit
 .text.HAL_I2C_MspInit
                0x08008034       0xb0 ./Core/Src/stm32f4xx_hal_msp.o
                0x08008034                HAL_I2C_MspInit
 .text.HAL_TIM_Base_MspInit
                0x080080e4      0x104 ./Core/Src/stm32f4xx_hal_msp.o
                0x080080e4                HAL_TIM_Base_MspInit
 .text.HAL_TIM_Encoder_MspInit
                0x080081e8      0x244 ./Core/Src/stm32f4xx_hal_msp.o
                0x080081e8                HAL_TIM_Encoder_MspInit
 .text.HAL_TIM_MspPostInit
                0x0800842c       0x74 ./Core/Src/stm32f4xx_hal_msp.o
                0x0800842c                HAL_TIM_MspPostInit
 .text.HAL_UART_MspInit
                0x080084a0      0x16c ./Core/Src/stm32f4xx_hal_msp.o
                0x080084a0                HAL_UART_MspInit
 .text.NMI_Handler
                0x0800860c        0x8 ./Core/Src/stm32f4xx_it.o
                0x0800860c                NMI_Handler
 .text.HardFault_Handler
                0x08008614        0x8 ./Core/Src/stm32f4xx_it.o
                0x08008614                HardFault_Handler
 .text.MemManage_Handler
                0x0800861c        0x8 ./Core/Src/stm32f4xx_it.o
                0x0800861c                MemManage_Handler
 .text.BusFault_Handler
                0x08008624        0x8 ./Core/Src/stm32f4xx_it.o
                0x08008624                BusFault_Handler
 .text.UsageFault_Handler
                0x0800862c        0x8 ./Core/Src/stm32f4xx_it.o
                0x0800862c                UsageFault_Handler
 .text.SVC_Handler
                0x08008634        0xe ./Core/Src/stm32f4xx_it.o
                0x08008634                SVC_Handler
 .text.DebugMon_Handler
                0x08008642        0xe ./Core/Src/stm32f4xx_it.o
                0x08008642                DebugMon_Handler
 .text.PendSV_Handler
                0x08008650        0xe ./Core/Src/stm32f4xx_it.o
                0x08008650                PendSV_Handler
 .text.SysTick_Handler
                0x0800865e        0xc ./Core/Src/stm32f4xx_it.o
                0x0800865e                SysTick_Handler
 *fill*         0x0800866a        0x2 
 .text.DMA1_Stream5_IRQHandler
                0x0800866c       0x14 ./Core/Src/stm32f4xx_it.o
                0x0800866c                DMA1_Stream5_IRQHandler
 .text.DMA1_Stream6_IRQHandler
                0x08008680       0x14 ./Core/Src/stm32f4xx_it.o
                0x08008680                DMA1_Stream6_IRQHandler
 .text.TIM1_BRK_TIM9_IRQHandler
                0x08008694       0x1c ./Core/Src/stm32f4xx_it.o
                0x08008694                TIM1_BRK_TIM9_IRQHandler
 .text.I2C1_EV_IRQHandler
                0x080086b0       0x14 ./Core/Src/stm32f4xx_it.o
                0x080086b0                I2C1_EV_IRQHandler
 .text.I2C1_ER_IRQHandler
                0x080086c4       0x14 ./Core/Src/stm32f4xx_it.o
                0x080086c4                I2C1_ER_IRQHandler
 .text.USART2_IRQHandler
                0x080086d8       0x14 ./Core/Src/stm32f4xx_it.o
                0x080086d8                USART2_IRQHandler
 .text.TIM6_DAC_IRQHandler
                0x080086ec       0x14 ./Core/Src/stm32f4xx_it.o
                0x080086ec                TIM6_DAC_IRQHandler
 .text.TIM7_IRQHandler
                0x08008700       0x14 ./Core/Src/stm32f4xx_it.o
                0x08008700                TIM7_IRQHandler
 .text._sbrk    0x08008714       0x6c ./Core/Src/sysmem.o
                0x08008714                _sbrk
 .text.SystemInit
                0x08008780       0x24 ./Core/Src/system_stm32f4xx.o
                0x08008780                SystemInit
 .text.Reset_Handler
                0x080087a4       0x50 ./Core/Startup/startup_stm32f407vgtx.o
                0x080087a4                Reset_Handler
 .text.Default_Handler
                0x080087f4        0x2 ./Core/Startup/startup_stm32f407vgtx.o
                0x080087f4                RTC_Alarm_IRQHandler
                0x080087f4                HASH_RNG_IRQHandler
                0x080087f4                EXTI2_IRQHandler
                0x080087f4                TIM8_CC_IRQHandler
                0x080087f4                TIM1_CC_IRQHandler
                0x080087f4                DMA2_Stream5_IRQHandler
                0x080087f4                PVD_IRQHandler
                0x080087f4                SDIO_IRQHandler
                0x080087f4                TAMP_STAMP_IRQHandler
                0x080087f4                CAN2_RX1_IRQHandler
                0x080087f4                EXTI3_IRQHandler
                0x080087f4                TIM8_TRG_COM_TIM14_IRQHandler
                0x080087f4                TIM1_UP_TIM10_IRQHandler
                0x080087f4                TIM8_UP_TIM13_IRQHandler
                0x080087f4                I2C3_ER_IRQHandler
                0x080087f4                EXTI0_IRQHandler
                0x080087f4                I2C2_EV_IRQHandler
                0x080087f4                DMA1_Stream2_IRQHandler
                0x080087f4                CAN1_RX0_IRQHandler
                0x080087f4                FPU_IRQHandler
                0x080087f4                OTG_HS_WKUP_IRQHandler
                0x080087f4                CAN2_SCE_IRQHandler
                0x080087f4                DMA2_Stream2_IRQHandler
                0x080087f4                SPI1_IRQHandler
                0x080087f4                DCMI_IRQHandler
                0x080087f4                CAN2_RX0_IRQHandler
                0x080087f4                DMA2_Stream3_IRQHandler
                0x080087f4                USART6_IRQHandler
                0x080087f4                USART3_IRQHandler
                0x080087f4                CAN1_RX1_IRQHandler
                0x080087f4                UART5_IRQHandler
                0x080087f4                DMA2_Stream0_IRQHandler
                0x080087f4                TIM4_IRQHandler
                0x080087f4                DMA1_Stream1_IRQHandler
                0x080087f4                UART4_IRQHandler
                0x080087f4                TIM3_IRQHandler
                0x080087f4                RCC_IRQHandler
                0x080087f4                TIM8_BRK_TIM12_IRQHandler
                0x080087f4                Default_Handler
                0x080087f4                EXTI15_10_IRQHandler
                0x080087f4                ADC_IRQHandler
                0x080087f4                DMA1_Stream7_IRQHandler
                0x080087f4                CAN2_TX_IRQHandler
                0x080087f4                TIM5_IRQHandler
                0x080087f4                DMA2_Stream7_IRQHandler
                0x080087f4                I2C3_EV_IRQHandler
                0x080087f4                EXTI9_5_IRQHandler
                0x080087f4                RTC_WKUP_IRQHandler
                0x080087f4                ETH_WKUP_IRQHandler
                0x080087f4                SPI2_IRQHandler
                0x080087f4                OTG_HS_EP1_IN_IRQHandler
                0x080087f4                DMA1_Stream0_IRQHandler
                0x080087f4                CAN1_TX_IRQHandler
                0x080087f4                EXTI4_IRQHandler
                0x080087f4                FSMC_IRQHandler
                0x080087f4                ETH_IRQHandler
                0x080087f4                OTG_HS_EP1_OUT_IRQHandler
                0x080087f4                WWDG_IRQHandler
                0x080087f4                TIM2_IRQHandler
                0x080087f4                OTG_FS_WKUP_IRQHandler
                0x080087f4                TIM1_TRG_COM_TIM11_IRQHandler
                0x080087f4                OTG_HS_IRQHandler
                0x080087f4                EXTI1_IRQHandler
                0x080087f4                I2C2_ER_IRQHandler
                0x080087f4                DMA2_Stream1_IRQHandler
                0x080087f4                CAN1_SCE_IRQHandler
                0x080087f4                FLASH_IRQHandler
                0x080087f4                DMA2_Stream4_IRQHandler
                0x080087f4                USART1_IRQHandler
                0x080087f4                OTG_FS_IRQHandler
                0x080087f4                SPI3_IRQHandler
                0x080087f4                DMA1_Stream4_IRQHandler
                0x080087f4                DMA2_Stream6_IRQHandler
                0x080087f4                DMA1_Stream3_IRQHandler
 *fill*         0x080087f6        0x2 
 .text.HAL_Init
                0x080087f8       0x44 ./Drivers/STM32F4xx_HAL_Driver/Src/stm32f4xx_hal.o
                0x080087f8                HAL_Init
 .text.HAL_InitTick
                0x0800883c       0x60 ./Drivers/STM32F4xx_HAL_Driver/Src/stm32f4xx_hal.o
                0x0800883c                HAL_InitTick
 .text.HAL_IncTick
                0x0800889c       0x28 ./Drivers/STM32F4xx_HAL_Driver/Src/stm32f4xx_hal.o
                0x0800889c                HAL_IncTick
 .text.HAL_GetTick
                0x080088c4       0x18 ./Drivers/STM32F4xx_HAL_Driver/Src/stm32f4xx_hal.o
                0x080088c4                HAL_GetTick
 .text.HAL_Delay
                0x080088dc       0x48 ./Drivers/STM32F4xx_HAL_Driver/Src/stm32f4xx_hal.o
                0x080088dc                HAL_Delay
 .text.__NVIC_SetPriorityGrouping
                0x08008924       0x48 ./Drivers/STM32F4xx_HAL_Driver/Src/stm32f4xx_hal_cortex.o
 .text.__NVIC_GetPriorityGrouping
                0x0800896c       0x1c ./Drivers/STM32F4xx_HAL_Driver/Src/stm32f4xx_hal_cortex.o
 .text.__NVIC_EnableIRQ
                0x08008988       0x3c ./Drivers/STM32F4xx_HAL_Driver/Src/stm32f4xx_hal_cortex.o
 .text.__NVIC_SetPriority
                0x080089c4       0x54 ./Drivers/STM32F4xx_HAL_Driver/Src/stm32f4xx_hal_cortex.o
 .text.NVIC_EncodePriority
                0x08008a18       0x66 ./Drivers/STM32F4xx_HAL_Driver/Src/stm32f4xx_hal_cortex.o
 *fill*         0x08008a7e        0x2 
 .text.SysTick_Config
                0x08008a80       0x44 ./Drivers/STM32F4xx_HAL_Driver/Src/stm32f4xx_hal_cortex.o
 .text.HAL_NVIC_SetPriorityGrouping
                0x08008ac4       0x16 ./Drivers/STM32F4xx_HAL_Driver/Src/stm32f4xx_hal_cortex.o
                0x08008ac4                HAL_NVIC_SetPriorityGrouping
 .text.HAL_NVIC_SetPriority
                0x08008ada       0x38 ./Drivers/STM32F4xx_HAL_Driver/Src/stm32f4xx_hal_cortex.o
                0x08008ada                HAL_NVIC_SetPriority
 .text.HAL_NVIC_EnableIRQ
                0x08008b12       0x1c ./Drivers/STM32F4xx_HAL_Driver/Src/stm32f4xx_hal_cortex.o
                0x08008b12                HAL_NVIC_EnableIRQ
 .text.HAL_SYSTICK_Config
                0x08008b2e       0x18 ./Drivers/STM32F4xx_HAL_Driver/Src/stm32f4xx_hal_cortex.o
                0x08008b2e                HAL_SYSTICK_Config
 *fill*         0x08008b46        0x2 
 .text.HAL_DMA_Init
                0x08008b48      0x15c ./Drivers/STM32F4xx_HAL_Driver/Src/stm32f4xx_hal_dma.o
                0x08008b48                HAL_DMA_Init
 .text.HAL_DMA_Start_IT
                0x08008ca4       0xb0 ./Drivers/STM32F4xx_HAL_Driver/Src/stm32f4xx_hal_dma.o
                0x08008ca4                HAL_DMA_Start_IT
 .text.HAL_DMA_Abort
                0x08008d54       0xe0 ./Drivers/STM32F4xx_HAL_Driver/Src/stm32f4xx_hal_dma.o
                0x08008d54                HAL_DMA_Abort
 .text.HAL_DMA_Abort_IT
                0x08008e34       0x44 ./Drivers/STM32F4xx_HAL_Driver/Src/stm32f4xx_hal_dma.o
                0x08008e34                HAL_DMA_Abort_IT
 .text.HAL_DMA_IRQHandler
                0x08008e78      0x314 ./Drivers/STM32F4xx_HAL_Driver/Src/stm32f4xx_hal_dma.o
                0x08008e78                HAL_DMA_IRQHandler
 .text.HAL_DMA_GetState
                0x0800918c       0x1c ./Drivers/STM32F4xx_HAL_Driver/Src/stm32f4xx_hal_dma.o
                0x0800918c                HAL_DMA_GetState
 .text.DMA_SetConfig
                0x080091a8       0x5c ./Drivers/STM32F4xx_HAL_Driver/Src/stm32f4xx_hal_dma.o
 .text.DMA_CalcBaseAndBitshift
                0x08009204       0x6c ./Drivers/STM32F4xx_HAL_Driver/Src/stm32f4xx_hal_dma.o
 .text.DMA_CheckFifoParam
                0x08009270       0xf8 ./Drivers/STM32F4xx_HAL_Driver/Src/stm32f4xx_hal_dma.o
 .text.HAL_FLASH_Program
                0x08009368       0xa8 ./Drivers/STM32F4xx_HAL_Driver/Src/stm32f4xx_hal_flash.o
                0x08009368                HAL_FLASH_Program
 .text.HAL_FLASH_Unlock
                0x08009410       0x44 ./Drivers/STM32F4xx_HAL_Driver/Src/stm32f4xx_hal_flash.o
                0x08009410                HAL_FLASH_Unlock
 .text.HAL_FLASH_Lock
                0x08009454       0x20 ./Drivers/STM32F4xx_HAL_Driver/Src/stm32f4xx_hal_flash.o
                0x08009454                HAL_FLASH_Lock
 .text.FLASH_WaitForLastOperation
                0x08009474       0x80 ./Drivers/STM32F4xx_HAL_Driver/Src/stm32f4xx_hal_flash.o
                0x08009474                FLASH_WaitForLastOperation
 .text.FLASH_Program_DoubleWord
                0x080094f4       0x64 ./Drivers/STM32F4xx_HAL_Driver/Src/stm32f4xx_hal_flash.o
 .text.FLASH_Program_Word
                0x08009558       0x44 ./Drivers/STM32F4xx_HAL_Driver/Src/stm32f4xx_hal_flash.o
 .text.FLASH_Program_HalfWord
                0x0800959c       0x48 ./Drivers/STM32F4xx_HAL_Driver/Src/stm32f4xx_hal_flash.o
 .text.FLASH_Program_Byte
                0x080095e4       0x44 ./Drivers/STM32F4xx_HAL_Driver/Src/stm32f4xx_hal_flash.o
 .text.FLASH_SetErrorCode
                0x08009628       0xac ./Drivers/STM32F4xx_HAL_Driver/Src/stm32f4xx_hal_flash.o
 .text.HAL_FLASHEx_Erase
                0x080096d4       0xe0 ./Drivers/STM32F4xx_HAL_Driver/Src/stm32f4xx_hal_flash_ex.o
                0x080096d4                HAL_FLASHEx_Erase
 .text.FLASH_MassErase
                0x080097b4       0x48 ./Drivers/STM32F4xx_HAL_Driver/Src/stm32f4xx_hal_flash_ex.o
 .text.FLASH_Erase_Sector
                0x080097fc       0x90 ./Drivers/STM32F4xx_HAL_Driver/Src/stm32f4xx_hal_flash_ex.o
                0x080097fc                FLASH_Erase_Sector
 .text.FLASH_FlushCaches
                0x0800988c       0x8c ./Drivers/STM32F4xx_HAL_Driver/Src/stm32f4xx_hal_flash_ex.o
                0x0800988c                FLASH_FlushCaches
 .text.HAL_GPIO_Init
                0x08009918      0x338 ./Drivers/STM32F4xx_HAL_Driver/Src/stm32f4xx_hal_gpio.o
                0x08009918                HAL_GPIO_Init
 .text.HAL_GPIO_WritePin
                0x08009c50       0x32 ./Drivers/STM32F4xx_HAL_Driver/Src/stm32f4xx_hal_gpio.o
                0x08009c50                HAL_GPIO_WritePin
 *fill*         0x08009c82        0x2 
 .text.HAL_I2C_Init
                0x08009c84      0x288 ./Drivers/STM32F4xx_HAL_Driver/Src/stm32f4xx_hal_i2c.o
                0x08009c84                HAL_I2C_Init
 .text.HAL_I2C_Mem_Write
                0x08009f0c      0x1f4 ./Drivers/STM32F4xx_HAL_Driver/Src/stm32f4xx_hal_i2c.o
                0x08009f0c                HAL_I2C_Mem_Write
 .text.HAL_I2C_Mem_Read
                0x0800a100      0x44c ./Drivers/STM32F4xx_HAL_Driver/Src/stm32f4xx_hal_i2c.o
                0x0800a100                HAL_I2C_Mem_Read
 .text.HAL_I2C_EV_IRQHandler
                0x0800a54c      0x2a6 ./Drivers/STM32F4xx_HAL_Driver/Src/stm32f4xx_hal_i2c.o
                0x0800a54c                HAL_I2C_EV_IRQHandler
 .text.HAL_I2C_ER_IRQHandler
                0x0800a7f2      0x13e ./Drivers/STM32F4xx_HAL_Driver/Src/stm32f4xx_hal_i2c.o
                0x0800a7f2                HAL_I2C_ER_IRQHandler
 .text.HAL_I2C_MasterTxCpltCallback
                0x0800a930       0x14 ./Drivers/STM32F4xx_HAL_Driver/Src/stm32f4xx_hal_i2c.o
                0x0800a930                HAL_I2C_MasterTxCpltCallback
 .text.HAL_I2C_MasterRxCpltCallback
                0x0800a944       0x14 ./Drivers/STM32F4xx_HAL_Driver/Src/stm32f4xx_hal_i2c.o
                0x0800a944                HAL_I2C_MasterRxCpltCallback
 .text.HAL_I2C_SlaveTxCpltCallback
                0x0800a958       0x14 ./Drivers/STM32F4xx_HAL_Driver/Src/stm32f4xx_hal_i2c.o
                0x0800a958                HAL_I2C_SlaveTxCpltCallback
 .text.HAL_I2C_SlaveRxCpltCallback
                0x0800a96c       0x14 ./Drivers/STM32F4xx_HAL_Driver/Src/stm32f4xx_hal_i2c.o
                0x0800a96c                HAL_I2C_SlaveRxCpltCallback
 .text.HAL_I2C_AddrCallback
                0x0800a980       0x1c ./Drivers/STM32F4xx_HAL_Driver/Src/stm32f4xx_hal_i2c.o
                0x0800a980                HAL_I2C_AddrCallback
 .text.HAL_I2C_ListenCpltCallback
                0x0800a99c       0x14 ./Drivers/STM32F4xx_HAL_Driver/Src/stm32f4xx_hal_i2c.o
                0x0800a99c                HAL_I2C_ListenCpltCallback
 .text.HAL_I2C_MemTxCpltCallback
                0x0800a9b0       0x14 ./Drivers/STM32F4xx_HAL_Driver/Src/stm32f4xx_hal_i2c.o
                0x0800a9b0                HAL_I2C_MemTxCpltCallback
 .text.HAL_I2C_MemRxCpltCallback
                0x0800a9c4       0x14 ./Drivers/STM32F4xx_HAL_Driver/Src/stm32f4xx_hal_i2c.o
                0x0800a9c4                HAL_I2C_MemRxCpltCallback
 .text.HAL_I2C_ErrorCallback
                0x0800a9d8       0x14 ./Drivers/STM32F4xx_HAL_Driver/Src/stm32f4xx_hal_i2c.o
                0x0800a9d8                HAL_I2C_ErrorCallback
 .text.HAL_I2C_AbortCpltCallback
                0x0800a9ec       0x14 ./Drivers/STM32F4xx_HAL_Driver/Src/stm32f4xx_hal_i2c.o
                0x0800a9ec                HAL_I2C_AbortCpltCallback
 .text.I2C_MasterTransmit_TXE
                0x0800aa00      0x138 ./Drivers/STM32F4xx_HAL_Driver/Src/stm32f4xx_hal_i2c.o
 .text.I2C_MasterTransmit_BTF
                0x0800ab38       0xec ./Drivers/STM32F4xx_HAL_Driver/Src/stm32f4xx_hal_i2c.o
 .text.I2C_MemoryTransmit_TXE_BTF
                0x0800ac24      0x128 ./Drivers/STM32F4xx_HAL_Driver/Src/stm32f4xx_hal_i2c.o
 .text.I2C_MasterReceive_RXNE
                0x0800ad4c      0x176 ./Drivers/STM32F4xx_HAL_Driver/Src/stm32f4xx_hal_i2c.o
 .text.I2C_MasterReceive_BTF
                0x0800aec2      0x1d4 ./Drivers/STM32F4xx_HAL_Driver/Src/stm32f4xx_hal_i2c.o
 .text.I2C_Master_SB
                0x0800b096      0x10c ./Drivers/STM32F4xx_HAL_Driver/Src/stm32f4xx_hal_i2c.o
 .text.I2C_Master_ADD10
                0x0800b1a2       0x54 ./Drivers/STM32F4xx_HAL_Driver/Src/stm32f4xx_hal_i2c.o
 .text.I2C_Master_ADDR
                0x0800b1f6      0x322 ./Drivers/STM32F4xx_HAL_Driver/Src/stm32f4xx_hal_i2c.o
 .text.I2C_SlaveTransmit_TXE
                0x0800b518       0x7a ./Drivers/STM32F4xx_HAL_Driver/Src/stm32f4xx_hal_i2c.o
 .text.I2C_SlaveTransmit_BTF
                0x0800b592       0x42 ./Drivers/STM32F4xx_HAL_Driver/Src/stm32f4xx_hal_i2c.o
 .text.I2C_SlaveReceive_RXNE
                0x0800b5d4       0x7c ./Drivers/STM32F4xx_HAL_Driver/Src/stm32f4xx_hal_i2c.o
 .text.I2C_SlaveReceive_BTF
                0x0800b650       0x44 ./Drivers/STM32F4xx_HAL_Driver/Src/stm32f4xx_hal_i2c.o
 .text.I2C_Slave_ADDR
                0x0800b694       0x90 ./Drivers/STM32F4xx_HAL_Driver/Src/stm32f4xx_hal_i2c.o
 .text.I2C_Slave_STOPF
                0x0800b724      0x260 ./Drivers/STM32F4xx_HAL_Driver/Src/stm32f4xx_hal_i2c.o
 .text.I2C_Slave_AF
                0x0800b984       0xe0 ./Drivers/STM32F4xx_HAL_Driver/Src/stm32f4xx_hal_i2c.o
 .text.I2C_ITError
                0x0800ba64      0x264 ./Drivers/STM32F4xx_HAL_Driver/Src/stm32f4xx_hal_i2c.o
 .text.I2C_RequestMemoryWrite
                0x0800bcc8      0x12c ./Drivers/STM32F4xx_HAL_Driver/Src/stm32f4xx_hal_i2c.o
 .text.I2C_RequestMemoryRead
                0x0800bdf4      0x1d0 ./Drivers/STM32F4xx_HAL_Driver/Src/stm32f4xx_hal_i2c.o
 .text.I2C_DMAAbort
                0x0800bfc4      0x150 ./Drivers/STM32F4xx_HAL_Driver/Src/stm32f4xx_hal_i2c.o
 .text.I2C_WaitOnFlagUntilTimeout
                0x0800c114       0xae ./Drivers/STM32F4xx_HAL_Driver/Src/stm32f4xx_hal_i2c.o
 .text.I2C_WaitOnMasterAddressFlagUntilTimeout
                0x0800c1c2       0xfe ./Drivers/STM32F4xx_HAL_Driver/Src/stm32f4xx_hal_i2c.o
 .text.I2C_WaitOnTXEFlagUntilTimeout
                0x0800c2c0       0x82 ./Drivers/STM32F4xx_HAL_Driver/Src/stm32f4xx_hal_i2c.o
 .text.I2C_WaitOnBTFFlagUntilTimeout
                0x0800c342       0x82 ./Drivers/STM32F4xx_HAL_Driver/Src/stm32f4xx_hal_i2c.o
 .text.I2C_WaitOnSTOPRequestThroughIT
                0x0800c3c4       0x64 ./Drivers/STM32F4xx_HAL_Driver/Src/stm32f4xx_hal_i2c.o
 .text.I2C_WaitOnRXNEFlagUntilTimeout
                0x0800c428       0xac ./Drivers/STM32F4xx_HAL_Driver/Src/stm32f4xx_hal_i2c.o
 .text.I2C_IsAcknowledgeFailed
                0x0800c4d4       0x5e ./Drivers/STM32F4xx_HAL_Driver/Src/stm32f4xx_hal_i2c.o
 .text.I2C_ConvertOtherXferOptions
                0x0800c532       0x36 ./Drivers/STM32F4xx_HAL_Driver/Src/stm32f4xx_hal_i2c.o
 .text.HAL_RCC_OscConfig
                0x0800c568      0x4f0 ./Drivers/STM32F4xx_HAL_Driver/Src/stm32f4xx_hal_rcc.o
                0x0800c568                HAL_RCC_OscConfig
 .text.HAL_RCC_ClockConfig
                0x0800ca58      0x1cc ./Drivers/STM32F4xx_HAL_Driver/Src/stm32f4xx_hal_rcc.o
                0x0800ca58                HAL_RCC_ClockConfig
 .text.HAL_RCC_GetSysClockFreq
                0x0800cc24      0x18c ./Drivers/STM32F4xx_HAL_Driver/Src/stm32f4xx_hal_rcc.o
                0x0800cc24                HAL_RCC_GetSysClockFreq
 .text.HAL_RCC_GetHCLKFreq
                0x0800cdb0       0x18 ./Drivers/STM32F4xx_HAL_Driver/Src/stm32f4xx_hal_rcc.o
                0x0800cdb0                HAL_RCC_GetHCLKFreq
 .text.HAL_RCC_GetPCLK1Freq
                0x0800cdc8       0x28 ./Drivers/STM32F4xx_HAL_Driver/Src/stm32f4xx_hal_rcc.o
                0x0800cdc8                HAL_RCC_GetPCLK1Freq
 .text.HAL_RCC_GetPCLK2Freq
                0x0800cdf0       0x28 ./Drivers/STM32F4xx_HAL_Driver/Src/stm32f4xx_hal_rcc.o
                0x0800cdf0                HAL_RCC_GetPCLK2Freq
 .text.HAL_TIM_Base_Init
                0x0800ce18       0x9e ./Drivers/STM32F4xx_HAL_Driver/Src/stm32f4xx_hal_tim.o
                0x0800ce18                HAL_TIM_Base_Init
 *fill*         0x0800ceb6        0x2 
 .text.HAL_TIM_Base_Start_IT
                0x0800ceb8       0xe0 ./Drivers/STM32F4xx_HAL_Driver/Src/stm32f4xx_hal_tim.o
                0x0800ceb8                HAL_TIM_Base_Start_IT
 .text.HAL_TIM_PWM_Init
                0x0800cf98       0x9e ./Drivers/STM32F4xx_HAL_Driver/Src/stm32f4xx_hal_tim.o
                0x0800cf98                HAL_TIM_PWM_Init
 .text.HAL_TIM_PWM_MspInit
                0x0800d036       0x14 ./Drivers/STM32F4xx_HAL_Driver/Src/stm32f4xx_hal_tim.o
                0x0800d036                HAL_TIM_PWM_MspInit
 *fill*         0x0800d04a        0x2 
 .text.HAL_TIM_PWM_Start
                0x0800d04c      0x190 ./Drivers/STM32F4xx_HAL_Driver/Src/stm32f4xx_hal_tim.o
                0x0800d04c                HAL_TIM_PWM_Start
 .text.HAL_TIM_Encoder_Init
                0x0800d1dc      0x14c ./Drivers/STM32F4xx_HAL_Driver/Src/stm32f4xx_hal_tim.o
                0x0800d1dc                HAL_TIM_Encoder_Init
 .text.HAL_TIM_Encoder_Start
                0x0800d328      0x11c ./Drivers/STM32F4xx_HAL_Driver/Src/stm32f4xx_hal_tim.o
                0x0800d328                HAL_TIM_Encoder_Start
 .text.HAL_TIM_IRQHandler
                0x0800d444      0x210 ./Drivers/STM32F4xx_HAL_Driver/Src/stm32f4xx_hal_tim.o
                0x0800d444                HAL_TIM_IRQHandler
 .text.HAL_TIM_PWM_ConfigChannel
                0x0800d654      0x184 ./Drivers/STM32F4xx_HAL_Driver/Src/stm32f4xx_hal_tim.o
                0x0800d654                HAL_TIM_PWM_ConfigChannel
 .text.HAL_TIM_ConfigClockSource
                0x0800d7d8      0x18e ./Drivers/STM32F4xx_HAL_Driver/Src/stm32f4xx_hal_tim.o
                0x0800d7d8                HAL_TIM_ConfigClockSource
 .text.HAL_TIM_OC_DelayElapsedCallback
                0x0800d966       0x14 ./Drivers/STM32F4xx_HAL_Driver/Src/stm32f4xx_hal_tim.o
                0x0800d966                HAL_TIM_OC_DelayElapsedCallback
 .text.HAL_TIM_IC_CaptureCallback
                0x0800d97a       0x14 ./Drivers/STM32F4xx_HAL_Driver/Src/stm32f4xx_hal_tim.o
                0x0800d97a                HAL_TIM_IC_CaptureCallback
 .text.HAL_TIM_PWM_PulseFinishedCallback
                0x0800d98e       0x14 ./Drivers/STM32F4xx_HAL_Driver/Src/stm32f4xx_hal_tim.o
                0x0800d98e                HAL_TIM_PWM_PulseFinishedCallback
 .text.HAL_TIM_TriggerCallback
                0x0800d9a2       0x14 ./Drivers/STM32F4xx_HAL_Driver/Src/stm32f4xx_hal_tim.o
                0x0800d9a2                HAL_TIM_TriggerCallback
 *fill*         0x0800d9b6        0x2 
 .text.TIM_Base_SetConfig
                0x0800d9b8      0x140 ./Drivers/STM32F4xx_HAL_Driver/Src/stm32f4xx_hal_tim.o
                0x0800d9b8                TIM_Base_SetConfig
 .text.TIM_OC1_SetConfig
                0x0800daf8       0xe0 ./Drivers/STM32F4xx_HAL_Driver/Src/stm32f4xx_hal_tim.o
 .text.TIM_OC2_SetConfig
                0x0800dbd8       0xec ./Drivers/STM32F4xx_HAL_Driver/Src/stm32f4xx_hal_tim.o
                0x0800dbd8                TIM_OC2_SetConfig
 .text.TIM_OC3_SetConfig
                0x0800dcc4       0xe8 ./Drivers/STM32F4xx_HAL_Driver/Src/stm32f4xx_hal_tim.o
 .text.TIM_OC4_SetConfig
                0x0800ddac       0xac ./Drivers/STM32F4xx_HAL_Driver/Src/stm32f4xx_hal_tim.o
 .text.TIM_TI1_ConfigInputStage
                0x0800de58       0x5e ./Drivers/STM32F4xx_HAL_Driver/Src/stm32f4xx_hal_tim.o
 .text.TIM_TI2_ConfigInputStage
                0x0800deb6       0x60 ./Drivers/STM32F4xx_HAL_Driver/Src/stm32f4xx_hal_tim.o
 .text.TIM_ITRx_SetConfig
                0x0800df16       0x36 ./Drivers/STM32F4xx_HAL_Driver/Src/stm32f4xx_hal_tim.o
 .text.TIM_ETR_SetConfig
                0x0800df4c       0x40 ./Drivers/STM32F4xx_HAL_Driver/Src/stm32f4xx_hal_tim.o
                0x0800df4c                TIM_ETR_SetConfig
 .text.TIM_CCxChannelCmd
                0x0800df8c       0x4a ./Drivers/STM32F4xx_HAL_Driver/Src/stm32f4xx_hal_tim.o
                0x0800df8c                TIM_CCxChannelCmd
 *fill*         0x0800dfd6        0x2 
 .text.HAL_TIMEx_MasterConfigSynchronization
                0x0800dfd8       0xf8 ./Drivers/STM32F4xx_HAL_Driver/Src/stm32f4xx_hal_tim_ex.o
                0x0800dfd8                HAL_TIMEx_MasterConfigSynchronization
 .text.HAL_TIMEx_ConfigBreakDeadTime
                0x0800e0d0       0xa4 ./Drivers/STM32F4xx_HAL_Driver/Src/stm32f4xx_hal_tim_ex.o
                0x0800e0d0                HAL_TIMEx_ConfigBreakDeadTime
 .text.HAL_TIMEx_CommutCallback
                0x0800e174       0x14 ./Drivers/STM32F4xx_HAL_Driver/Src/stm32f4xx_hal_tim_ex.o
                0x0800e174                HAL_TIMEx_CommutCallback
 .text.HAL_TIMEx_BreakCallback
                0x0800e188       0x14 ./Drivers/STM32F4xx_HAL_Driver/Src/stm32f4xx_hal_tim_ex.o
                0x0800e188                HAL_TIMEx_BreakCallback
 .text.HAL_UART_Init
                0x0800e19c       0x9a ./Drivers/STM32F4xx_HAL_Driver/Src/stm32f4xx_hal_uart.o
                0x0800e19c                HAL_UART_Init
 *fill*         0x0800e236        0x2 
 .text.HAL_UART_Transmit_DMA
                0x0800e238       0xfc ./Drivers/STM32F4xx_HAL_Driver/Src/stm32f4xx_hal_uart.o
                0x0800e238                HAL_UART_Transmit_DMA
 .text.HAL_UART_Receive_DMA
                0x0800e334       0x60 ./Drivers/STM32F4xx_HAL_Driver/Src/stm32f4xx_hal_uart.o
                0x0800e334                HAL_UART_Receive_DMA
 .text.HAL_UART_IRQHandler
                0x0800e394      0x51c ./Drivers/STM32F4xx_HAL_Driver/Src/stm32f4xx_hal_uart.o
                0x0800e394                HAL_UART_IRQHandler
 .text.HAL_UART_TxHalfCpltCallback
                0x0800e8b0       0x14 ./Drivers/STM32F4xx_HAL_Driver/Src/stm32f4xx_hal_uart.o
                0x0800e8b0                HAL_UART_TxHalfCpltCallback
 .text.HAL_UART_RxHalfCpltCallback
                0x0800e8c4       0x14 ./Drivers/STM32F4xx_HAL_Driver/Src/stm32f4xx_hal_uart.o
                0x0800e8c4                HAL_UART_RxHalfCpltCallback
 .text.HAL_UART_ErrorCallback
                0x0800e8d8       0x14 ./Drivers/STM32F4xx_HAL_Driver/Src/stm32f4xx_hal_uart.o
                0x0800e8d8                HAL_UART_ErrorCallback
 .text.HAL_UARTEx_RxEventCallback
                0x0800e8ec       0x18 ./Drivers/STM32F4xx_HAL_Driver/Src/stm32f4xx_hal_uart.o
                0x0800e8ec                HAL_UARTEx_RxEventCallback
 .text.UART_DMATransmitCplt
                0x0800e904       0x9a ./Drivers/STM32F4xx_HAL_Driver/Src/stm32f4xx_hal_uart.o
 .text.UART_DMATxHalfCplt
                0x0800e99e       0x1c ./Drivers/STM32F4xx_HAL_Driver/Src/stm32f4xx_hal_uart.o
 .text.UART_DMAReceiveCplt
                0x0800e9ba      0x126 ./Drivers/STM32F4xx_HAL_Driver/Src/stm32f4xx_hal_uart.o
 .text.UART_DMARxHalfCplt
                0x0800eae0       0x36 ./Drivers/STM32F4xx_HAL_Driver/Src/stm32f4xx_hal_uart.o
 .text.UART_DMAError
                0x0800eb16       0x94 ./Drivers/STM32F4xx_HAL_Driver/Src/stm32f4xx_hal_uart.o
 *fill*         0x0800ebaa        0x2 
 .text.UART_Start_Receive_DMA
                0x0800ebac      0x13c ./Drivers/STM32F4xx_HAL_Driver/Src/stm32f4xx_hal_uart.o
                0x0800ebac                UART_Start_Receive_DMA
 .text.UART_EndTxTransfer
                0x0800ece8       0x50 ./Drivers/STM32F4xx_HAL_Driver/Src/stm32f4xx_hal_uart.o
 .text.UART_EndRxTransfer
                0x0800ed38       0xc6 ./Drivers/STM32F4xx_HAL_Driver/Src/stm32f4xx_hal_uart.o
 .text.UART_DMAAbortOnError
                0x0800edfe       0x28 ./Drivers/STM32F4xx_HAL_Driver/Src/stm32f4xx_hal_uart.o
 .text.UART_Transmit_IT
                0x0800ee26       0xa0 ./Drivers/STM32F4xx_HAL_Driver/Src/stm32f4xx_hal_uart.o
 .text.UART_EndTransmit_IT
                0x0800eec6       0x30 ./Drivers/STM32F4xx_HAL_Driver/Src/stm32f4xx_hal_uart.o
 .text.UART_Receive_IT
                0x0800eef6      0x176 ./Drivers/STM32F4xx_HAL_Driver/Src/stm32f4xx_hal_uart.o
 .text.UART_SetConfig
                0x0800f06c      0x4e8 ./Drivers/STM32F4xx_HAL_Driver/Src/stm32f4xx_hal_uart.o
 .text.sqrt     0x0800f554       0x58 C:/ST/STM32CubeIDE_1.15.0/STM32CubeIDE/plugins/com.st.stm32cube.ide.mcu.externaltools.gnu-tools-for-stm32.12.3.rel1.win32_1.0.100.202403111256/tools/bin/../lib/gcc/arm-none-eabi/12.3.1/../../../../arm-none-eabi/lib/thumb/v7e-m+fp/hard\libm.a(libm_a-w_sqrt.o)
                0x0800f554                sqrt
 *fill*         0x0800f5ac        0x4 
 .text.cos      0x0800f5b0       0xa8 C:/ST/STM32CubeIDE_1.15.0/STM32CubeIDE/plugins/com.st.stm32cube.ide.mcu.externaltools.gnu-tools-for-stm32.12.3.rel1.win32_1.0.100.202403111256/tools/bin/../lib/gcc/arm-none-eabi/12.3.1/../../../../arm-none-eabi/lib/thumb/v7e-m+fp/hard\libm.a(libm_a-s_cos.o)
                0x0800f5b0                cos
 .text.sin      0x0800f658       0xa8 C:/ST/STM32CubeIDE_1.15.0/STM32CubeIDE/plugins/com.st.stm32cube.ide.mcu.externaltools.gnu-tools-for-stm32.12.3.rel1.win32_1.0.100.202403111256/tools/bin/../lib/gcc/arm-none-eabi/12.3.1/../../../../arm-none-eabi/lib/thumb/v7e-m+fp/hard\libm.a(libm_a-s_sin.o)
                0x0800f658                sin
 .text.atan2f   0x0800f700        0x4 C:/ST/STM32CubeIDE_1.15.0/STM32CubeIDE/plugins/com.st.stm32cube.ide.mcu.externaltools.gnu-tools-for-stm32.12.3.rel1.win32_1.0.100.202403111256/tools/bin/../lib/gcc/arm-none-eabi/12.3.1/../../../../arm-none-eabi/lib/thumb/v7e-m+fp/hard\libm.a(libm_a-wf_atan2.o)
                0x0800f700                atan2f
 .text.__ieee754_sqrt
                0x0800f704      0x1b4 C:/ST/STM32CubeIDE_1.15.0/STM32CubeIDE/plugins/com.st.stm32cube.ide.mcu.externaltools.gnu-tools-for-stm32.12.3.rel1.win32_1.0.100.202403111256/tools/bin/../lib/gcc/arm-none-eabi/12.3.1/../../../../arm-none-eabi/lib/thumb/v7e-m+fp/hard\libm.a(libm_a-e_sqrt.o)
                0x0800f704                __ieee754_sqrt
 .text.__kernel_cos
                0x0800f8b8      0x18c C:/ST/STM32CubeIDE_1.15.0/STM32CubeIDE/plugins/com.st.stm32cube.ide.mcu.externaltools.gnu-tools-for-stm32.12.3.rel1.win32_1.0.100.202403111256/tools/bin/../lib/gcc/arm-none-eabi/12.3.1/../../../../arm-none-eabi/lib/thumb/v7e-m+fp/hard\libm.a(libm_a-k_cos.o)
                0x0800f8b8                __kernel_cos
 *fill*         0x0800fa44        0x4 
 .text.__kernel_sin
                0x0800fa48      0x174 C:/ST/STM32CubeIDE_1.15.0/STM32CubeIDE/plugins/com.st.stm32cube.ide.mcu.externaltools.gnu-tools-for-stm32.12.3.rel1.win32_1.0.100.202403111256/tools/bin/../lib/gcc/arm-none-eabi/12.3.1/../../../../arm-none-eabi/lib/thumb/v7e-m+fp/hard\libm.a(libm_a-k_sin.o)
                0x0800fa48                __kernel_sin
 *fill*         0x0800fbbc        0x4 
 .text.__ieee754_rem_pio2
                0x0800fbc0      0x3f8 C:/ST/STM32CubeIDE_1.15.0/STM32CubeIDE/plugins/com.st.stm32cube.ide.mcu.externaltools.gnu-tools-for-stm32.12.3.rel1.win32_1.0.100.202403111256/tools/bin/../lib/gcc/arm-none-eabi/12.3.1/../../../../arm-none-eabi/lib/thumb/v7e-m+fp/hard\libm.a(libm_a-e_rem_pio2.o)
                0x0800fbc0                __ieee754_rem_pio2
 .text.fabs     0x0800ffb8       0x10 C:/ST/STM32CubeIDE_1.15.0/STM32CubeIDE/plugins/com.st.stm32cube.ide.mcu.externaltools.gnu-tools-for-stm32.12.3.rel1.win32_1.0.100.202403111256/tools/bin/../lib/gcc/arm-none-eabi/12.3.1/../../../../arm-none-eabi/lib/thumb/v7e-m+fp/hard\libm.a(libm_a-s_fabs.o)
                0x0800ffb8                fabs
 .text.__ieee754_atan2f
                0x0800ffc8      0x140 C:/ST/STM32CubeIDE_1.15.0/STM32CubeIDE/plugins/com.st.stm32cube.ide.mcu.externaltools.gnu-tools-for-stm32.12.3.rel1.win32_1.0.100.202403111256/tools/bin/../lib/gcc/arm-none-eabi/12.3.1/../../../../arm-none-eabi/lib/thumb/v7e-m+fp/hard\libm.a(libm_a-ef_atan2.o)
                0x0800ffc8                __ieee754_atan2f
 .text.atanf    0x08010108      0x1a8 C:/ST/STM32CubeIDE_1.15.0/STM32CubeIDE/plugins/com.st.stm32cube.ide.mcu.externaltools.gnu-tools-for-stm32.12.3.rel1.win32_1.0.100.202403111256/tools/bin/../lib/gcc/arm-none-eabi/12.3.1/../../../../arm-none-eabi/lib/thumb/v7e-m+fp/hard\libm.a(libm_a-sf_atan.o)
                0x08010108                atanf
 .text.fabsf    0x080102b0        0xe C:/ST/STM32CubeIDE_1.15.0/STM32CubeIDE/plugins/com.st.stm32cube.ide.mcu.externaltools.gnu-tools-for-stm32.12.3.rel1.win32_1.0.100.202403111256/tools/bin/../lib/gcc/arm-none-eabi/12.3.1/../../../../arm-none-eabi/lib/thumb/v7e-m+fp/hard\libm.a(libm_a-sf_fabs.o)
                0x080102b0                fabsf
 *fill*         0x080102be        0x2 
 .text.__kernel_rem_pio2
                0x080102c0      0x6b0 C:/ST/STM32CubeIDE_1.15.0/STM32CubeIDE/plugins/com.st.stm32cube.ide.mcu.externaltools.gnu-tools-for-stm32.12.3.rel1.win32_1.0.100.202403111256/tools/bin/../lib/gcc/arm-none-eabi/12.3.1/../../../../arm-none-eabi/lib/thumb/v7e-m+fp/hard\libm.a(libm_a-k_rem_pio2.o)
                0x080102c0                __kernel_rem_pio2
 .text.scalbn   0x08010970       0xfc C:/ST/STM32CubeIDE_1.15.0/STM32CubeIDE/plugins/com.st.stm32cube.ide.mcu.externaltools.gnu-tools-for-stm32.12.3.rel1.win32_1.0.100.202403111256/tools/bin/../lib/gcc/arm-none-eabi/12.3.1/../../../../arm-none-eabi/lib/thumb/v7e-m+fp/hard\libm.a(libm_a-s_scalbn.o)
                0x08010970                scalbn
 *fill*         0x08010a6c        0x4 
 .text.floor    0x08010a70       0xf8 C:/ST/STM32CubeIDE_1.15.0/STM32CubeIDE/plugins/com.st.stm32cube.ide.mcu.externaltools.gnu-tools-for-stm32.12.3.rel1.win32_1.0.100.202403111256/tools/bin/../lib/gcc/arm-none-eabi/12.3.1/../../../../arm-none-eabi/lib/thumb/v7e-m+fp/hard\libm.a(libm_a-s_floor.o)
                0x08010a70                floor
 .text.realloc  0x08010b68       0x10 C:/ST/STM32CubeIDE_1.15.0/STM32CubeIDE/plugins/com.st.stm32cube.ide.mcu.externaltools.gnu-tools-for-stm32.12.3.rel1.win32_1.0.100.202403111256/tools/bin/../lib/gcc/arm-none-eabi/12.3.1/../../../../arm-none-eabi/lib/thumb/v7e-m+fp/hard\libc_nano.a(libc_a-realloc.o)
                0x08010b68                realloc
 .text._realloc_r
                0x08010b78       0x5c C:/ST/STM32CubeIDE_1.15.0/STM32CubeIDE/plugins/com.st.stm32cube.ide.mcu.externaltools.gnu-tools-for-stm32.12.3.rel1.win32_1.0.100.202403111256/tools/bin/../lib/gcc/arm-none-eabi/12.3.1/../../../../arm-none-eabi/lib/thumb/v7e-m+fp/hard\libc_nano.a(libc_a-reallocr.o)
                0x08010b78                _realloc_r
 .text.memset   0x08010bd4       0x10 C:/ST/STM32CubeIDE_1.15.0/STM32CubeIDE/plugins/com.st.stm32cube.ide.mcu.externaltools.gnu-tools-for-stm32.12.3.rel1.win32_1.0.100.202403111256/tools/bin/../lib/gcc/arm-none-eabi/12.3.1/../../../../arm-none-eabi/lib/thumb/v7e-m+fp/hard\libc_nano.a(libc_a-memset.o)
                0x08010bd4                memset
 .text.__errno  0x08010be4        0xc C:/ST/STM32CubeIDE_1.15.0/STM32CubeIDE/plugins/com.st.stm32cube.ide.mcu.externaltools.gnu-tools-for-stm32.12.3.rel1.win32_1.0.100.202403111256/tools/bin/../lib/gcc/arm-none-eabi/12.3.1/../../../../arm-none-eabi/lib/thumb/v7e-m+fp/hard\libc_nano.a(libc_a-errno.o)
                0x08010be4                __errno
 .text.__libc_init_array
                0x08010bf0       0x48 C:/ST/STM32CubeIDE_1.15.0/STM32CubeIDE/plugins/com.st.stm32cube.ide.mcu.externaltools.gnu-tools-for-stm32.12.3.rel1.win32_1.0.100.202403111256/tools/bin/../lib/gcc/arm-none-eabi/12.3.1/../../../../arm-none-eabi/lib/thumb/v7e-m+fp/hard\libc_nano.a(libc_a-init.o)
                0x08010bf0                __libc_init_array
 .text.__retarget_lock_acquire_recursive
                0x08010c38        0x2 C:/ST/STM32CubeIDE_1.15.0/STM32CubeIDE/plugins/com.st.stm32cube.ide.mcu.externaltools.gnu-tools-for-stm32.12.3.rel1.win32_1.0.100.202403111256/tools/bin/../lib/gcc/arm-none-eabi/12.3.1/../../../../arm-none-eabi/lib/thumb/v7e-m+fp/hard\libc_nano.a(libc_a-lock.o)
                0x08010c38                __retarget_lock_acquire_recursive
 .text.__retarget_lock_release_recursive
                0x08010c3a        0x2 C:/ST/STM32CubeIDE_1.15.0/STM32CubeIDE/plugins/com.st.stm32cube.ide.mcu.externaltools.gnu-tools-for-stm32.12.3.rel1.win32_1.0.100.202403111256/tools/bin/../lib/gcc/arm-none-eabi/12.3.1/../../../../arm-none-eabi/lib/thumb/v7e-m+fp/hard\libc_nano.a(libc_a-lock.o)
                0x08010c3a                __retarget_lock_release_recursive
 .text.memcpy   0x08010c3c       0x1c C:/ST/STM32CubeIDE_1.15.0/STM32CubeIDE/plugins/com.st.stm32cube.ide.mcu.externaltools.gnu-tools-for-stm32.12.3.rel1.win32_1.0.100.202403111256/tools/bin/../lib/gcc/arm-none-eabi/12.3.1/../../../../arm-none-eabi/lib/thumb/v7e-m+fp/hard\libc_nano.a(libc_a-memcpy-stub.o)
                0x08010c3c                memcpy
 .text._free_r  0x08010c58       0x94 C:/ST/STM32CubeIDE_1.15.0/STM32CubeIDE/plugins/com.st.stm32cube.ide.mcu.externaltools.gnu-tools-for-stm32.12.3.rel1.win32_1.0.100.202403111256/tools/bin/../lib/gcc/arm-none-eabi/12.3.1/../../../../arm-none-eabi/lib/thumb/v7e-m+fp/hard\libc_nano.a(libc_a-freer.o)
                0x08010c58                _free_r
 .text.sbrk_aligned
                0x08010cec       0x44 C:/ST/STM32CubeIDE_1.15.0/STM32CubeIDE/plugins/com.st.stm32cube.ide.mcu.externaltools.gnu-tools-for-stm32.12.3.rel1.win32_1.0.100.202403111256/tools/bin/../lib/gcc/arm-none-eabi/12.3.1/../../../../arm-none-eabi/lib/thumb/v7e-m+fp/hard\libc_nano.a(libc_a-mallocr.o)
 .text._malloc_r
                0x08010d30      0x100 C:/ST/STM32CubeIDE_1.15.0/STM32CubeIDE/plugins/com.st.stm32cube.ide.mcu.externaltools.gnu-tools-for-stm32.12.3.rel1.win32_1.0.100.202403111256/tools/bin/../lib/gcc/arm-none-eabi/12.3.1/../../../../arm-none-eabi/lib/thumb/v7e-m+fp/hard\libc_nano.a(libc_a-mallocr.o)
                0x08010d30                _malloc_r
 .text.__malloc_lock
                0x08010e30        0xc C:/ST/STM32CubeIDE_1.15.0/STM32CubeIDE/plugins/com.st.stm32cube.ide.mcu.externaltools.gnu-tools-for-stm32.12.3.rel1.win32_1.0.100.202403111256/tools/bin/../lib/gcc/arm-none-eabi/12.3.1/../../../../arm-none-eabi/lib/thumb/v7e-m+fp/hard\libc_nano.a(libc_a-mlock.o)
                0x08010e30                __malloc_lock
 .text.__malloc_unlock
                0x08010e3c        0xc C:/ST/STM32CubeIDE_1.15.0/STM32CubeIDE/plugins/com.st.stm32cube.ide.mcu.externaltools.gnu-tools-for-stm32.12.3.rel1.win32_1.0.100.202403111256/tools/bin/../lib/gcc/arm-none-eabi/12.3.1/../../../../arm-none-eabi/lib/thumb/v7e-m+fp/hard\libc_nano.a(libc_a-mlock.o)
                0x08010e3c                __malloc_unlock
 .text._malloc_usable_size_r
                0x08010e48       0x10 C:/ST/STM32CubeIDE_1.15.0/STM32CubeIDE/plugins/com.st.stm32cube.ide.mcu.externaltools.gnu-tools-for-stm32.12.3.rel1.win32_1.0.100.202403111256/tools/bin/../lib/gcc/arm-none-eabi/12.3.1/../../../../arm-none-eabi/lib/thumb/v7e-m+fp/hard\libc_nano.a(libc_a-msizer.o)
                0x08010e48                _malloc_usable_size_r
 .text._sbrk_r  0x08010e58       0x20 C:/ST/STM32CubeIDE_1.15.0/STM32CubeIDE/plugins/com.st.stm32cube.ide.mcu.externaltools.gnu-tools-for-stm32.12.3.rel1.win32_1.0.100.202403111256/tools/bin/../lib/gcc/arm-none-eabi/12.3.1/../../../../arm-none-eabi/lib/thumb/v7e-m+fp/hard\libc_nano.a(libc_a-sbrkr.o)
                0x08010e58                _sbrk_r
 *(.glue_7)
 .glue_7        0x08010e78        0x0 linker stubs
 *(.glue_7t)
 .glue_7t       0x08010e78        0x0 linker stubs
 *(.eh_frame)
 .eh_frame      0x08010e78        0x0 C:/ST/STM32CubeIDE_1.15.0/STM32CubeIDE/plugins/com.st.stm32cube.ide.mcu.externaltools.gnu-tools-for-stm32.12.3.rel1.win32_1.0.100.202403111256/tools/bin/../lib/gcc/arm-none-eabi/12.3.1/thumb/v7e-m+fp/hard/crtbegin.o
 *(.init)
 .init          0x08010e78        0x4 C:/ST/STM32CubeIDE_1.15.0/STM32CubeIDE/plugins/com.st.stm32cube.ide.mcu.externaltools.gnu-tools-for-stm32.12.3.rel1.win32_1.0.100.202403111256/tools/bin/../lib/gcc/arm-none-eabi/12.3.1/thumb/v7e-m+fp/hard/crti.o
                0x08010e78                _init
 .init          0x08010e7c        0x8 C:/ST/STM32CubeIDE_1.15.0/STM32CubeIDE/plugins/com.st.stm32cube.ide.mcu.externaltools.gnu-tools-for-stm32.12.3.rel1.win32_1.0.100.202403111256/tools/bin/../lib/gcc/arm-none-eabi/12.3.1/thumb/v7e-m+fp/hard/crtn.o
 *(.fini)
 .fini          0x08010e84        0x4 C:/ST/STM32CubeIDE_1.15.0/STM32CubeIDE/plugins/com.st.stm32cube.ide.mcu.externaltools.gnu-tools-for-stm32.12.3.rel1.win32_1.0.100.202403111256/tools/bin/../lib/gcc/arm-none-eabi/12.3.1/thumb/v7e-m+fp/hard/crti.o
                0x08010e84                _fini
 .fini          0x08010e88        0x8 C:/ST/STM32CubeIDE_1.15.0/STM32CubeIDE/plugins/com.st.stm32cube.ide.mcu.externaltools.gnu-tools-for-stm32.12.3.rel1.win32_1.0.100.202403111256/tools/bin/../lib/gcc/arm-none-eabi/12.3.1/thumb/v7e-m+fp/hard/crtn.o
                0x08010e90                        . = ALIGN (0x4)
                0x08010e90                        _etext = .

.vfp11_veneer   0x08010e90        0x0
 .vfp11_veneer  0x08010e90        0x0 linker stubs

.v4_bx          0x08010e90        0x0
 .v4_bx         0x08010e90        0x0 linker stubs

.iplt           0x08010e90        0x0
 .iplt          0x08010e90        0x0 C:/ST/STM32CubeIDE_1.15.0/STM32CubeIDE/plugins/com.st.stm32cube.ide.mcu.externaltools.gnu-tools-for-stm32.12.3.rel1.win32_1.0.100.202403111256/tools/bin/../lib/gcc/arm-none-eabi/12.3.1/thumb/v7e-m+fp/hard/crtbegin.o

.rodata         0x08010e90      0x710
                0x08010e90                        . = ALIGN (0x4)
 *(.rodata)
 .rodata        0x08010e90      0x31c ./Core/Src/mainpp.o
 *(.rodata*)
 .rodata._ZN14rosserial_msgsL12REQUESTPARAME
                0x080111ac       0x1c ./Core/Src/mainpp.o
 .rodata._ZTVN3ros10SubscriberIN8std_msgs17Float32MultiArrayEvEE
                0x080111c8       0x18 ./Core/Src/mainpp.o
                0x080111c8                vtable for ros::Subscriber<std_msgs::Float32MultiArray, void>
 .rodata._ZTVN3ros10SubscriberIN13geometry_msgs5TwistEvEE
                0x080111e0       0x18 ./Core/Src/mainpp.o
                0x080111e0                vtable for ros::Subscriber<geometry_msgs::Twist, void>
 .rodata._ZTVN3ros11NodeHandle_I13STM32HardwareLi25ELi25ELi512ELi512EEE
                0x080111f8       0x14 ./Core/Src/mainpp.o
                0x080111f8                vtable for ros::NodeHandle_<STM32Hardware, 25, 25, 512, 512>
 .rodata._ZTVN11sensor_msgs3ImuE
                0x0801120c       0x18 ./Core/Src/mainpp.o
                0x0801120c                vtable for sensor_msgs::Imu
 .rodata._ZTVN13geometry_msgs10QuaternionE
                0x08011224       0x18 ./Core/Src/mainpp.o
                0x08011224                vtable for geometry_msgs::Quaternion
 .rodata._ZTVN8std_msgs6HeaderE
                0x0801123c       0x18 ./Core/Src/mainpp.o
                0x0801123c                vtable for std_msgs::Header
 .rodata._ZTVN13geometry_msgs5TwistE
                0x08011254       0x18 ./Core/Src/mainpp.o
                0x08011254                vtable for geometry_msgs::Twist
 .rodata._ZTVN13geometry_msgs7Vector3E
                0x0801126c       0x18 ./Core/Src/mainpp.o
                0x0801126c                vtable for geometry_msgs::Vector3
 .rodata._ZTVN8std_msgs17Float32MultiArrayE
                0x08011284       0x18 ./Core/Src/mainpp.o
                0x08011284                vtable for std_msgs::Float32MultiArray
 .rodata._ZTVN8std_msgs16MultiArrayLayoutE
                0x0801129c       0x18 ./Core/Src/mainpp.o
                0x0801129c                vtable for std_msgs::MultiArrayLayout
 .rodata._ZTVN8std_msgs19MultiArrayDimensionE
                0x080112b4       0x18 ./Core/Src/mainpp.o
                0x080112b4                vtable for std_msgs::MultiArrayDimension
 .rodata._ZTVN3ros11Subscriber_E
                0x080112cc       0x18 ./Core/Src/mainpp.o
                0x080112cc                vtable for ros::Subscriber_
 .rodata._ZTVN3ros15NodeHandleBase_E
                0x080112e4       0x14 ./Core/Src/mainpp.o
                0x080112e4                vtable for ros::NodeHandleBase_
 .rodata._ZTVN14rosserial_msgs20RequestParamResponseE
                0x080112f8       0x18 ./Core/Src/mainpp.o
                0x080112f8                vtable for rosserial_msgs::RequestParamResponse
 .rodata._ZTVN14rosserial_msgs3LogE
                0x08011310       0x18 ./Core/Src/mainpp.o
                0x08011310                vtable for rosserial_msgs::Log
 .rodata._ZTVN14rosserial_msgs9TopicInfoE
                0x08011328       0x18 ./Core/Src/mainpp.o
                0x08011328                vtable for rosserial_msgs::TopicInfo
 .rodata._ZTVN8std_msgs4TimeE
                0x08011340       0x18 ./Core/Src/mainpp.o
                0x08011340                vtable for std_msgs::Time
 .rodata._ZTVN3ros3MsgE
                0x08011358       0x18 ./Core/Src/mainpp.o
                0x08011358                vtable for ros::Msg
 .rodata.AHBPrescTable
                0x08011370       0x10 ./Core/Src/system_stm32f4xx.o
                0x08011370                AHBPrescTable
 .rodata.APBPrescTable
                0x08011380        0x8 ./Core/Src/system_stm32f4xx.o
                0x08011380                APBPrescTable
 .rodata.flagBitshiftOffset.0
                0x08011388        0x8 ./Drivers/STM32F4xx_HAL_Driver/Src/stm32f4xx_hal_dma.o
 .rodata.npio2_hw
                0x08011390       0x80 C:/ST/STM32CubeIDE_1.15.0/STM32CubeIDE/plugins/com.st.stm32cube.ide.mcu.externaltools.gnu-tools-for-stm32.12.3.rel1.win32_1.0.100.202403111256/tools/bin/../lib/gcc/arm-none-eabi/12.3.1/../../../../arm-none-eabi/lib/thumb/v7e-m+fp/hard\libm.a(libm_a-e_rem_pio2.o)
 .rodata.two_over_pi
                0x08011410      0x108 C:/ST/STM32CubeIDE_1.15.0/STM32CubeIDE/plugins/com.st.stm32cube.ide.mcu.externaltools.gnu-tools-for-stm32.12.3.rel1.win32_1.0.100.202403111256/tools/bin/../lib/gcc/arm-none-eabi/12.3.1/../../../../arm-none-eabi/lib/thumb/v7e-m+fp/hard\libm.a(libm_a-e_rem_pio2.o)
 .rodata.CSWTCH.9
                0x08011518        0xc C:/ST/STM32CubeIDE_1.15.0/STM32CubeIDE/plugins/com.st.stm32cube.ide.mcu.externaltools.gnu-tools-for-stm32.12.3.rel1.win32_1.0.100.202403111256/tools/bin/../lib/gcc/arm-none-eabi/12.3.1/../../../../arm-none-eabi/lib/thumb/v7e-m+fp/hard\libm.a(libm_a-ef_atan2.o)
 .rodata.CSWTCH.8
                0x08011524        0xc C:/ST/STM32CubeIDE_1.15.0/STM32CubeIDE/plugins/com.st.stm32cube.ide.mcu.externaltools.gnu-tools-for-stm32.12.3.rel1.win32_1.0.100.202403111256/tools/bin/../lib/gcc/arm-none-eabi/12.3.1/../../../../arm-none-eabi/lib/thumb/v7e-m+fp/hard\libm.a(libm_a-ef_atan2.o)
 .rodata.atanlo
                0x08011530       0x10 C:/ST/STM32CubeIDE_1.15.0/STM32CubeIDE/plugins/com.st.stm32cube.ide.mcu.externaltools.gnu-tools-for-stm32.12.3.rel1.win32_1.0.100.202403111256/tools/bin/../lib/gcc/arm-none-eabi/12.3.1/../../../../arm-none-eabi/lib/thumb/v7e-m+fp/hard\libm.a(libm_a-sf_atan.o)
 .rodata.atanhi
                0x08011540       0x10 C:/ST/STM32CubeIDE_1.15.0/STM32CubeIDE/plugins/com.st.stm32cube.ide.mcu.externaltools.gnu-tools-for-stm32.12.3.rel1.win32_1.0.100.202403111256/tools/bin/../lib/gcc/arm-none-eabi/12.3.1/../../../../arm-none-eabi/lib/thumb/v7e-m+fp/hard\libm.a(libm_a-sf_atan.o)
 .rodata.PIo2   0x08011550       0x40 C:/ST/STM32CubeIDE_1.15.0/STM32CubeIDE/plugins/com.st.stm32cube.ide.mcu.externaltools.gnu-tools-for-stm32.12.3.rel1.win32_1.0.100.202403111256/tools/bin/../lib/gcc/arm-none-eabi/12.3.1/../../../../arm-none-eabi/lib/thumb/v7e-m+fp/hard\libm.a(libm_a-k_rem_pio2.o)
 .rodata.init_jk
                0x08011590       0x10 C:/ST/STM32CubeIDE_1.15.0/STM32CubeIDE/plugins/com.st.stm32cube.ide.mcu.externaltools.gnu-tools-for-stm32.12.3.rel1.win32_1.0.100.202403111256/tools/bin/../lib/gcc/arm-none-eabi/12.3.1/../../../../arm-none-eabi/lib/thumb/v7e-m+fp/hard\libm.a(libm_a-k_rem_pio2.o)
                0x080115a0                        . = ALIGN (0x4)

.ARM.extab      0x080115a0        0x0
                0x080115a0                        . = ALIGN (0x4)
 *(.ARM.extab* .gnu.linkonce.armextab.*)
                0x080115a0                        . = ALIGN (0x4)

.ARM            0x080115a0        0x8
                0x080115a0                        . = ALIGN (0x4)
                0x080115a0                        __exidx_start = .
 *(.ARM.exidx*)
 .ARM.exidx     0x080115a0        0x8 C:/ST/STM32CubeIDE_1.15.0/STM32CubeIDE/plugins/com.st.stm32cube.ide.mcu.externaltools.gnu-tools-for-stm32.12.3.rel1.win32_1.0.100.202403111256/tools/bin/../lib/gcc/arm-none-eabi/12.3.1/../../../../arm-none-eabi/lib/thumb/v7e-m+fp/hard\libc_nano.a(libc_a-strlen.o)
 .ARM.exidx     0x080115a8        0x0 C:/ST/STM32CubeIDE_1.15.0/STM32CubeIDE/plugins/com.st.stm32cube.ide.mcu.externaltools.gnu-tools-for-stm32.12.3.rel1.win32_1.0.100.202403111256/tools/bin/../lib/gcc/arm-none-eabi/12.3.1/thumb/v7e-m+fp/hard\libgcc.a(_udivmoddi4.o)
                                  0x8 (size before relaxing)
                0x080115a8                        __exidx_end = .
                0x080115a8                        . = ALIGN (0x4)

.rel.dyn        0x080115a8        0x0
 .rel.iplt      0x080115a8        0x0 C:/ST/STM32CubeIDE_1.15.0/STM32CubeIDE/plugins/com.st.stm32cube.ide.mcu.externaltools.gnu-tools-for-stm32.12.3.rel1.win32_1.0.100.202403111256/tools/bin/../lib/gcc/arm-none-eabi/12.3.1/thumb/v7e-m+fp/hard/crtbegin.o

.preinit_array  0x080115a8        0x0
                0x080115a8                        . = ALIGN (0x4)
                0x080115a8                        PROVIDE (__preinit_array_start = .)
 *(.preinit_array*)
                0x080115a8                        PROVIDE (__preinit_array_end = .)
                0x080115a8                        . = ALIGN (0x4)

.init_array     0x080115a8        0xc
                0x080115a8                        . = ALIGN (0x4)
                0x080115a8                        PROVIDE (__init_array_start = .)
 *(SORT_BY_NAME(.init_array.*))
 *(.init_array*)
 .init_array    0x080115a8        0x4 C:/ST/STM32CubeIDE_1.15.0/STM32CubeIDE/plugins/com.st.stm32cube.ide.mcu.externaltools.gnu-tools-for-stm32.12.3.rel1.win32_1.0.100.202403111256/tools/bin/../lib/gcc/arm-none-eabi/12.3.1/thumb/v7e-m+fp/hard/crtbegin.o
 .init_array    0x080115ac        0x4 ./Core/Src/main.o
 .init_array    0x080115b0        0x4 ./Core/Src/mainpp.o
                0x080115b4                        PROVIDE (__init_array_end = .)
                0x080115b4                        . = ALIGN (0x4)

.fini_array     0x080115b4        0x4
                0x080115b4                        . = ALIGN (0x4)
                [!provide]                        PROVIDE (__fini_array_start = .)
 *(SORT_BY_NAME(.fini_array.*))
 *(.fini_array*)
 .fini_array    0x080115b4        0x4 C:/ST/STM32CubeIDE_1.15.0/STM32CubeIDE/plugins/com.st.stm32cube.ide.mcu.externaltools.gnu-tools-for-stm32.12.3.rel1.win32_1.0.100.202403111256/tools/bin/../lib/gcc/arm-none-eabi/12.3.1/thumb/v7e-m+fp/hard/crtbegin.o
                [!provide]                        PROVIDE (__fini_array_end = .)
                0x080115b8                        . = ALIGN (0x4)
                0x080115b8                        _sidata = LOADADDR (.data)

.data           0x20000000       0x90 load address 0x080115b8
                0x20000000                        . = ALIGN (0x4)
                0x20000000                        _sdata = .
 *(.data)
 *(.data*)
 .data.tau      0x20000000        0x4 ./Core/Src/main.o
                0x20000000                tau
 .data.dt       0x20000004        0x4 ./Core/Src/main.o
                0x20000004                dt
 .data.num_cal_point
                0x20000008        0x2 ./Core/Src/main.o
                0x20000008                num_cal_point
 *fill*         0x2000000a        0x2 
 .data.Ta       0x2000000c        0x4 ./Core/Src/main.o
                0x2000000c                Ta
 .data.r        0x20000010        0x4 ./Core/Src/main.o
                0x20000010                r
 .data.d        0x20000014        0x4 ./Core/Src/main.o
                0x20000014                d
 .data.ADSR     0x20000018        0x4 ./Core/Src/mainpp.o
                0x20000018                ADSR
 .data.GDSR     0x2000001c        0x4 ./Core/Src/mainpp.o
                0x2000001c                GDSR
 .data.SystemCoreClock
                0x20000020        0x4 ./Core/Src/system_stm32f4xx.o
                0x20000020                SystemCoreClock
 .data.uwTickPrio
                0x20000024        0x4 ./Drivers/STM32F4xx_HAL_Driver/Src/stm32f4xx_hal.o
                0x20000024                uwTickPrio
 .data.uwTickFreq
                0x20000028        0x1 ./Drivers/STM32F4xx_HAL_Driver/Src/stm32f4xx_hal.o
                0x20000028                uwTickFreq
 *fill*         0x20000029        0x7 
 .data.tiny     0x20000030        0x8 C:/ST/STM32CubeIDE_1.15.0/STM32CubeIDE/plugins/com.st.stm32cube.ide.mcu.externaltools.gnu-tools-for-stm32.12.3.rel1.win32_1.0.100.202403111256/tools/bin/../lib/gcc/arm-none-eabi/12.3.1/../../../../arm-none-eabi/lib/thumb/v7e-m+fp/hard\libm.a(libm_a-e_sqrt.o)