../Core/Src/main.cpp:96:6:void PID()	16	static
../Core/Src/main.cpp:162:6:void HAL_TIM_PeriodElapsedCallback(TIM_HandleTypeDef*)	24	static
../Core/Src/main.cpp:201:5:int main()	8	static
../Core/Src/main.cpp:282:6:void SystemClock_Config()	88	static
../Core/Src/main.cpp:329:13:void MX_I2C1_Init()	8	static
../Core/Src/main.cpp:363:13:void MX_TIM1_Init()	96	static
../Core/Src/main.cpp:450:13:void MX_TIM2_Init()	56	static
../Core/Src/main.cpp:499:13:void MX_TIM3_Init()	56	static
../Core/Src/main.cpp:548:13:void MX_TIM4_Init()	56	static
../Core/Src/main.cpp:597:13:void MX_TIM5_Init()	56	static
../Core/Src/main.cpp:646:13:void MX_TIM6_Init()	16	static
../Core/Src/main.cpp:684:13:void MX_TIM7_Init()	16	static
../Core/Src/main.cpp:722:13:void MX_TIM9_Init()	24	static
../Core/Src/main.cpp:760:13:void MX_USART2_UART_Init()	8	static
../Core/Src/main.cpp:791:13:void MX_DMA_Init()	16	static
../Core/Src/main.cpp:812:13:void MX_GPIO_Init()	56	static
../Core/Src/main.cpp:861:6:void Error_Handler()	4	static,ignoring_inline_asm
../Core/Src/main.cpp:870:1:void __static_initialization_and_destruction_0(int, int)	16	static
../Core/Src/main.cpp:870:1:cpp)	8	static
